Running command on device: dmesg
=== DEVICE OUTPUT ===

/ # 
/ # 
/ # [6ndmesg
[    0.000000] Booting Linux on physical CPU 0x0000000000 [0x51af8014]
[    0.000000] Linux version 7.1.0 (zethra@zethra-build) (aarch64-linux-gnu-gcc (Debian 12.2.0-14+deb12u1) 12.2.0, GNU ld (GNU Binutils for Debian) 2.40) #1 SMP PREEMPT Fri Jun 12 17:00:00 UTC 2026
[    0.000000] KASLR enabled
[    0.000000] Machine model: Nokia 6.1 Plus
[    0.000000] efi: UEFI not found.
[    0.000000] [Firmware Bug]: Kernel image misaligned at boot, please fix your bootloader!
[    0.000000] OF: reserved mem: 0x00000000bfffc000..0x00000000bfffffff (16 KiB) nomap non-reusable mpss-metadata
[    0.000000] OF: reserved mem: 0x0000000085600000..0x00000000856fffff (1024 KiB) nomap non-reusable wlan-msa-guard@85600000
[    0.000000] OF: reserved mem: 0x0000000085700000..0x00000000857fffff (1024 KiB) nomap non-reusable wlan-msa-mem@85700000
[    0.000000] OF: reserved mem: 0x0000000085800000..0x0000000085dfffff (6144 KiB) nomap non-reusable qhee-code@85800000
[    0.000000] OF: reserved mem: 0x0000000085e00000..0x0000000085ffffff (2048 KiB) nomap non-reusable memory@85e00000
[    0.000000] OF: reserved mem: 0x0000000086000000..0x00000000861fffff (2048 KiB) nomap non-reusable smem-mem@86000000
[    0.000000] OF: reserved mem: 0x0000000086200000..0x0000000088efffff (46080 KiB) nomap non-reusable memory@86200000
[    0.000000] OF: reserved mem: 0x000000008ac00000..0x00000000929fffff (129024 KiB) nomap non-reusable mpss@8ac00000
[    0.000000] OF: reserved mem: 0x0000000092a00000..0x00000000947fffff (30720 KiB) nomap non-reusable adsp@92a00000
[    0.000000] OF: reserved mem: 0x0000000094800000..0x00000000949fffff (2048 KiB) nomap non-reusable mba@94800000
[    0.000000] OF: reserved mem: 0x0000000094a00000..0x0000000094afffff (1024 KiB) nomap non-reusable tzbuffer@94a00000
[    0.000000] OF: reserved mem: 0x000000009f800000..0x000000009fffffff (8192 KiB) nomap non-reusable venus@9f800000
[    0.000000] OF: reserved mem: 0x00000000ac000000..0x00000000ac7fffff (8192 KiB) nomap non-reusable fih_nv@AC000000
[    0.000000] OF: reserved mem: 0x00000000ac800000..0x00000000acafffff (3072 KiB) nomap non-reusable fih_mem@AC800000
[    0.000000] OF: reserved mem: 0x000000009d400000..0x000000009f7fffff (36864 KiB) nomap non-reusable splash_region@9d400000
[    0.000000] OF: reserved mem: 0x000000009f7ff000..0x000000009f7fffff (4 KiB) map non-reusable dfps_data_mem@9f7ff000
[    0.000000] OF: reserved mem: 0x00000000acb00000..0x00000000accfffff (2048 KiB) nomap non-reusable ramoops@acb00000
[    0.000000] OF: reserved mem: OVERLAP DETECTED!
[    0.000000] splash_region@9d400000 (0x000000009d400000--0x000000009f800000) overlaps with dfps_data_mem@9f7ff000 (0x000000009f7ff000--0x000000009f800000)
[    0.000000] psci: probing for conduit method from DT.
[    0.000000] psci: PSCIv1.0 detected in firmware.
[    0.000000] psci: Using standard PSCI v0.2 function IDs
[    0.000000] psci: MIGRATE_INFO_TYPE not supported.
[    0.000000] psci: SMC Calling Convention v1.0
[    0.000000] psci: OSI mode supported.
[    0.000000] psci: [Firmware Bug]: failed to set PC mode: -3
[    0.000000] Zone ranges:
[    0.000000]   DMA      [mem 0x0000000080000000-0x00000000ffffffff]
[    0.000000]   DMA32    empty
[    0.000000]   Normal   [mem 0x0000000100000000-0x000000017e4bffff]
[    0.000000] Movable zone start for each node
[    0.000000] Early memory node ranges
[    0.000000]   node   0: [mem 0x0000000080000000-0x00000000855fffff]
[    0.000000]   node   0: [mem 0x0000000085600000-0x0000000088efffff]
[    0.000000]   node   0: [mem 0x0000000088f00000-0x000000008abfffff]
[    0.000000]   node   0: [mem 0x000000008ac00000-0x0000000094afffff]
[    0.000000]   node   0: [mem 0x0000000094b00000-0x000000009d3fffff]
[    0.000000]   node   0: [mem 0x000000009d400000-0x000000009fffffff]
[    0.000000]   node   0: [mem 0x00000000a0000000-0x00000000abffffff]
[    0.000000]   node   0: [mem 0x00000000ac000000-0x00000000accfffff]
[    0.000000]   node   0: [mem 0x00000000acd00000-0x00000000bfffbfff]
[    0.000000]   node   0: [mem 0x00000000bfffc000-0x00000000bfffffff]
[    0.000000]   node   0: [mem 0x00000000c0000000-0x000000017e4bffff]
[    0.000000] Initmem setup node 0 [mem 0x0000000080000000-0x000000017e4bffff]
[    0.000000] On node 0, zone Normal: 6976 pages in unavailable ranges
[    0.000000] percpu: Embedded 18 pages/cpu s42584 r0 d31144 u73728
[    0.000000] pcpu-alloc: s42584 r0 d31144 u73728 alloc=18*4096
[    0.000000] pcpu-alloc: [0] 0 [0] 1 [0] 2 [0] 3 [0] 4 [0] 5 [0] 6 [0] 7 
[    0.000000] Detected VIPT I-cache on CPU0
[    0.000000] CPU features: detected: GICv3 CPU interface
[    0.000000] CPU features: detected: Spectre-v4
[    0.000000] CPU features: kernel page table isolation forced ON by KASLR
[    0.000000] CPU features: detected: Kernel page table isolation (KPTI)
[    0.000000] alternatives: applying boot alternatives
[    0.000000] Kernel command line: console=tty0 earlycon=msm_serial_dm,0xc170000 console=ttyMSM0,115200,n8 console=ttyGS0,115200 androidboot.hardware=qcom msm.separate_gpu_kms=1 panic=10 buildvariant=userdebug  root=/dev/dm-0 dm="system none ro,0 1 android-verity /dev/mmcblk0p82" androidboot.verifiedbootstate=orange androidboot.keymaster=1  androidboot.veritymode=enforcing androidboot.bootdevice=c0c4000.sdhci androidboot.serialno=DRGID18100509899 androidboot.mode=charger androidboot.baseband=sdm mdss_mdp.panel=1:dsi:0:fih,mdss_dsi_ctc_otm1911a_fhd_video:config0:1:none:cfg:single_dsi androidboot.device=DRG androidbsp.device=DRG androidboot.securityfused=true androidboot.slot_suffix=_b skip_initramfs rootwait ro init=/init androidboot.bbox=8 androidboot.diag=0 androidboot.cause=0x00000010 androidboot.fac=0 androidboot.abupdate_unsuccessful=1 androidboot.colorver=B androidboot.fp=gxfp3258_drg androidboot.skuid=600WW androidboot.simslot=2 androidboot.hwmodel=DGI androidboot.smartamp=nxp androidboot.nfc=none \
[    0.000000] Kernel command line: androidboot.hardware.revision=3.0 download_mode=0
[    0.000000] Unknown kernel command line parameters "earlycon=msm_serial_dm,0xc170000 buildvariant=userdebug dm=system none ro,0 1 android-verity /dev/mmcblk0p82 download_mode=0", will be passed to user space.
[    0.000000] printk: log buffer data + meta data: 131072 + 458752 = 589824 bytes
[    0.000000] Dentry cache hash table entries: 524288 (order: 10, 4194304 bytes, linear)
[    0.000000] Inode-cache hash table entries: 262144 (order: 9, 2097152 bytes, linear)
[    0.000000] software IO TLB: area num 8.
[    0.000000] software IO TLB: mapped [mem 0x00000000fbfff000-0x00000000fffff000] (64MB)
[    0.000000] Built 1 zonelists, mobility grouping on.  Total pages: 1041600
[    0.000000] mem auto-init: stack:all(zero), heap alloc:on, heap free:on
[    0.000000] mem auto-init: clearing system memory may take some time...
[    0.000000] SLUB: HWalign=64, Order=0-3, MinObjects=0, CPUs=8, Nodes=1
[    0.000000] rcu: Preemptible hierarchical RCU implementation.
[    0.000000] rcu: 	RCU event tracing is enabled.
[    0.000000] rcu: RCU calculated value of scheduler-enlistment delay is 25 jiffies.
[    0.000000] NR_IRQS: 64, nr_irqs: 64, preallocated irqs: 0
[    0.000000] GICv3: 608 SPIs implemented
[    0.000000] GICv3: 0 Extended SPIs implemented
[    0.000000] Root IRQ handler: gic_handle_irq
[    0.000000] GICv3: GICv3 features: 16 PPIs
[    0.000000] GICv3: GICD_CTLR.DS=0, SCR_EL3.FIQ=1
[    0.000000] GICv3: CPU0: found redistributor 0 region 0:0x0000000017b00000
[    0.000000] ITS: No ITS available, not enabling LPIs
[    0.000000] rcu: srcu_init: Setting srcu_struct sizes based on contention.
[    0.000000] arch_timer: cp15 timer running at 19.20MHz (virt).
[    0.000000] clocksource: arch_sys_counter: mask: 0xffffffffffffff max_cycles: 0x46d987e47, max_idle_ns: 440795202767 ns
[    0.000000] sched_clock: 56 bits at 19MHz, resolution 52ns, wraps every 4398046511078ns
[    0.000092] Console: colour dummy device 80x25
[    0.000103] printk: legacy console [tty0] enabled
[    0.000788] Calibrating delay loop (skipped), value calculated using timer frequency.. 38.40 BogoMIPS (lpj=76800)
[    0.000810] pid_max: default: 32768 minimum: 301
[    0.001059] Mount-cache hash table entries: 8192 (order: 4, 65536 bytes, linear)
[    0.001079] Mountpoint-cache hash table entries: 8192 (order: 4, 65536 bytes, linear)
[    0.001374] VFS: Finished mounting rootfs on nullfs
[    0.003084] rcu: Hierarchical SRCU implementation.
[    0.003097] rcu: 	Max phase no-delay instances is 1000.
[    0.003285] Timer migration: 1 hierarchy levels; 8 children per group; 1 crossnode level
[    0.003401] EFI services will not be available.
[    0.003700] smp: Bringing up secondary CPUs ...
[    0.005739] CPU features: detected: Spectre-v2
[    0.005757] CPU features: detected: Spectre-BHB
[    0.005773] Detected VIPT I-cache on CPU1
[    0.005944] GICv3: CPU1: found redistributor 100 region 0:0x0000000017b80000
[    0.006021] CPU1: Booted secondary processor 0x0000000100 [0x51af8002]
[    0.007813] Detected VIPT I-cache on CPU2
[    0.007969] GICv3: CPU2: found redistributor 101 region 0:0x0000000017ba0000
[    0.008034] CPU2: Booted secondary processor 0x0000000101 [0x51af8002]
[    0.009787] Detected VIPT I-cache on CPU3
[    0.009950] GICv3: CPU3: found redistributor 102 region 0:0x0000000017bc0000
[    0.010016] CPU3: Booted secondary processor 0x0000000102 [0x51af8002]
[    0.011764] Detected VIPT I-cache on CPU4
[    0.011930] GICv3: CPU4: found redistributor 103 region 0:0x0000000017be0000
[    0.011996] CPU4: Booted secondary processor 0x0000000103 [0x51af8002]
[    0.013762] Detected VIPT I-cache on CPU5
[    0.013887] GICv3: CPU5: found redistributor 1 region 0:0x0000000017b20000
[    0.013956] CPU5: Booted secondary processor 0x0000000001 [0x51af8014]
[    0.015645] Detected VIPT I-cache on CPU6
[    0.015752] GICv3: CPU6: found redistributor 2 region 0:0x0000000017b40000
[    0.015807] CPU6: Booted secondary processor 0x0000000002 [0x51af8014]
[    0.017467] Detected VIPT I-cache on CPU7
[    0.017577] GICv3: CPU7: found redistributor 3 region 0:0x0000000017b60000
[    0.017632] CPU7: Booted secondary processor 0x0000000003 [0x51af8014]
[    0.017704] smp: Brought up 1 node, 8 CPUs
[    0.017858] SMP: Total of 8 processors activated.
[    0.017868] CPU: All CPU(s) started at EL1
[    0.017877] CPU features: detected: 32-bit EL0 Support
[    0.017888] CPU features: detected: CRC32 instructions
[    0.017957] alternatives: applying system-wide alternatives
[    0.019267] Memory: 3716772K/4166400K available (9152K kernel code, 1030K rwdata, 2980K rodata, 2176K init, 307K bss, 443112K reserved, 0K cma-reserved)
[    0.020390] devtmpfs: initialized
[    0.033498] clocksource: jiffies: mask: 0xffffffff max_cycles: 0xffffffff, max_idle_ns: 7645041785100000 ns
[    0.033555] posixtimers hash table entries: 4096 (order: 4, 65536 bytes, linear)
[    0.033661] futex hash table entries: 2048 (131072 bytes on 1 NUMA nodes, total 128 KiB, linear).
[    0.034458] DMI: not present or invalid.
[    0.035224] NET: Registered PF_NETLINK/PF_ROUTE protocol family
[    0.036604] DMA: preallocated 512 KiB GFP_KERNEL pool for atomic allocations
[    0.036912] DMA: preallocated 512 KiB GFP_KERNEL|GFP_DMA pool for atomic allocations
[    0.038437] thermal_sys: Registered thermal governor 'step_wise'
[    0.038557] NET: Registered PF_QIPCRTR protocol family
[    0.039195] ASID allocator initialised with 32768 entries
[    0.042649] pstore: Using crash dump compression: deflate
[    0.042675] printk: legacy console [ramoops-1] enabled
[    0.043584] pstore: Registered ramoops as persistent store backend
[    0.043610] ramoops: using 0x200000@0xacb00000, ecc: 0
[    0.052117] /soc@0/clock-controller@c8c0000: Fixed dependency cycle(s) with /soc@0/display-subsystem@c900000/phy@c994400
[    0.052223] /soc@0/display-subsystem@c900000/display-controller@c901000: Fixed dependency cycle(s) with /soc@0/display-subsystem@c900000/dsi@c994000
[    0.052317] /soc@0/display-subsystem@c900000/dsi@c994000: Fixed dependency cycle(s) with /soc@0/display-subsystem@c900000/dsi@c994000/panel@0
[    0.052387] /soc@0/display-subsystem@c900000/dsi@c994000: Fixed dependency cycle(s) with /soc@0/display-subsystem@c900000/display-controller@c901000
[    0.052518] /soc@0/display-subsystem@c900000/dsi@c994000/panel@0: Fixed dependency cycle(s) with /soc@0/display-subsystem@c900000/dsi@c994000
[    0.052582] /soc@0/display-subsystem@c900000/phy@c994400: Fixed dependency cycle(s) with /soc@0/clock-controller@c8c0000
[    0.052729] /soc@0/interrupt-controller@17a00000: Fixed dependency cycle(s) with /soc@0/interrupt-controller@17a00000
[    0.056116] ANTIGRAVITY [56000000 ns]: hwspinlock probe START for 1f40000.hwlock
[    0.056223] ANTIGRAVITY [56000000 ns]: hwspinlock probe DONE for 1f40000.hwlock, ret=0
[    0.056672] ANTIGRAVITY [56000000 ns]: msm_pinctrl_probe start for 3100000.pinctrl
[    0.056705] ANTIGRAVITY [56000000 ns]: mapping tile north
[    0.056776] ANTIGRAVITY [56000000 ns]: mapping tile center
[    0.056844] ANTIGRAVITY [56000000 ns]: mapping tile south
[    0.056909] ANTIGRAVITY [56000000 ns]: setting up PM reset notifier...
[    0.056930] ANTIGRAVITY [56000000 ns]: setup_pm_reset enter
[    0.056957] ANTIGRAVITY [56000000 ns]: setup_pm_reset exit
[    0.056975] ANTIGRAVITY [56000000 ns]: requesting IRQ...
[    0.059020] ANTIGRAVITY [56000000 ns]: msm_gpio_init enter, ngpios=114
[    0.059053] ANTIGRAVITY [56000000 ns]: msm_gpio_init calling devm_gpiochip_add_data
[    0.059105] ANTIGRAVITY: gpiochip_count_reserved_ranges for label=3100000.pinctrl: dev=gpiochip0, size=2, parent_size=2
[    0.059138] ANTIGRAVITY: gpiochip_count_reserved_ranges for label=3100000.pinctrl: dev=gpiochip0, size=2, parent_size=2
[    0.059166] ANTIGRAVITY: cleared valid mask for reserved range [8, 11]
[    0.059265] ANTIGRAVITY: of_gpiochip_add start
[    0.059289] ANTIGRAVITY: of_gpiochip_add returned 0
[    0.059307] ANTIGRAVITY: gpiochip_add_pin_ranges start
[    0.059326] ANTIGRAVITY: gpiochip_add_pin_ranges returned 0
[    0.059368] ANTIGRAVITY: gpiochip_irqchip_init_valid_mask start
[    0.059390] ANTIGRAVITY: gpiochip_irqchip_init_valid_mask returned 0
[    0.059409] ANTIGRAVITY: gpiochip_irqchip_init_hw start
[    0.059426] ANTIGRAVITY: gpiochip_irqchip_init_hw returned 0
[    0.059444] ANTIGRAVITY: gpiochip_add_irqchip start
[    0.059490] ANTIGRAVITY: gpiochip_add_irqchip returned 0
[    0.059510] ANTIGRAVITY: gpiochip_add_data_with_key entry
[    0.059823] ANTIGRAVITY [56000000 ns]: msm_gpio_init devm_gpiochip_add_data returned 0
[    0.059854] ANTIGRAVITY [56000000 ns]: msm_pinctrl_probe success for 3100000.pinctrl
[    0.062187] /soc@0/clock-controller@c8c0000: Fixed dependency cycle(s) with /soc@0/display-subsystem@c900000/phy@c994400
[    0.062496] /soc@0/display-subsystem@c900000: Fixed dependency cycle(s) with /soc@0/clock-controller@c8c0000
[    0.062653] /soc@0/display-subsystem@c900000/display-controller@c901000: Fixed dependency cycle(s) with /soc@0/display-subsystem@c900000/dsi@c994000
[    0.062842] /soc@0/display-subsystem@c900000/dsi@c994000: Fixed dependency cycle(s) with /soc@0/display-subsystem@c900000/dsi@c994000/panel@0
[    0.062909] /soc@0/display-subsystem@c900000/dsi@c994000: Fixed dependency cycle(s) with /soc@0/display-subsystem@c900000/display-controller@c901000
[    0.063030] /soc@0/display-subsystem@c900000/dsi@c994000/panel@0: Fixed dependency cycle(s) with /soc@0/display-subsystem@c900000/dsi@c994000
[    0.063154] /soc@0/display-subsystem@c900000/phy@c994400: Fixed dependency cycle(s) with /soc@0/clock-controller@c8c0000
[    0.069022] iommu: Default domain type: Translated
[    0.069054] iommu: DMA domain TLB invalidation policy: strict mode
[    0.069921] SCSI subsystem initialized
[    0.070032] usbcore: registered new interface driver usbfs
[    0.070085] usbcore: registered new interface driver hub
[    0.070139] usbcore: registered new device driver usb
[    0.070498] qcom_scm: convention: smc arm 64
[    0.073014] Bluetooth: Core ver 2.22
[    0.073070] NET: Registered PF_BLUETOOTH protocol family
[    0.073093] Bluetooth: HCI device and connection manager initialized
[    0.073118] Bluetooth: HCI socket layer initialized
[    0.073140] Bluetooth: L2CAP socket layer initialized
[    0.073168] Bluetooth: SCO socket layer initialized
[    0.074088] clocksource: Switched to clocksource arch_sys_counter
[    0.082081] NET: Registered PF_INET protocol family
[    0.082273] IP idents hash table entries: 65536 (order: 7, 524288 bytes, linear)
[    0.084741] s1: Bringing 0uV into 1125000-1125000uV
[    0.084967] s2: Bringing 0uV into 1050000-1050000uV
[    0.085129] l1: Bringing 0uV into 920000-920000uV
[    0.085304] l2: Bringing 0uV into 1648000-1648000uV
[    0.085479] l3: Bringing 0uV into 1700000-1700000uV
[    0.085675] l4: Bringing 0uV into 2944000-2944000uV
[    0.085702] l4: Operation of current configuration missing
[    0.085882] l5: Bringing 0uV into 1800000-1800000uV
[    0.086080] l7: Bringing 0uV into 2700000-2700000uV
[    0.086259] l8: Bringing 0uV into 3200000-3200000uV
[    0.086460] bob: Bringing 0uV into 3300000-3300000uV
[    0.086865] tcp_listen_portaddr_hash hash table entries: 2048 (order: 3, 32768 bytes, linear)
[    0.086933] Table-perturb hash table entries: 65536 (order: 6, 262144 bytes, linear)
[    0.086970] TCP established hash table entries: 32768 (order: 6, 262144 bytes, linear)
[    0.087040] s4: Bringing 0uV into 2040000-2040000uV
[    0.087227] TCP bind hash table entries: 32768 (order: 8, 1048576 bytes, linear)
[    0.087664] s5: Bringing 0uV into 1224000-1224000uV
[    0.087828] TCP: Hash tables configured (established 32768 bind 32768)
[    0.087875] s6: Bringing 0uV into 504000-504000uV
[    0.087980] UDP hash table entries: 2048 (order: 5, 131072 bytes, linear)
[    0.088105] l1: Bringing 0uV into 1150000-1150000uV
[    0.088270] l2: Bringing 0uV into 950000-950000uV
[    0.088286] NET: Registered PF_UNIX/PF_LOCAL protocol family
[    0.088444] l3: Bringing 0uV into 950000-950000uV
[    0.088522] Unpacking initramfs...
[    0.088604] l5: Bringing 0uV into 525000-525000uV
[    0.088789] l6: Bringing 0uV into 1200000-1200000uV
[    0.088983] l7: Bringing 0uV into 1200000-1200000uV
[    0.089183] l8: Bringing 0uV into 1750000-1750000uV
[    0.089349] l9: Bringing 0uV into 1750000-1750000uV
[    0.089506] l10: Bringing 0uV into 1780000-1780000uV
[    0.089675] l11: Bringing 0uV into 1780000-1780000uV
[    0.089838] l12: Bringing 0uV into 1780000-1780000uV
[    0.090047] l13: Bringing 0uV into 1780000-1780000uV
[    0.090662] l14: Bringing 0uV into 1710000-1710000uV
[    0.090867] l15: Bringing 0uV into 1650000-1650000uV
[    0.091110] l16: Bringing 0uV into 2800000-2800000uV
[    0.091618] workingset: timestamp_bits=46 (anon: 42) max_order=20 bucket_order=0 (anon: 0)
[    0.092182] Block layer SCSI generic (bsg) driver version 0.4 loaded (major 248)
[    0.092214] io scheduler mq-deadline registered
[    0.092236] io scheduler kyber registered
[    0.092279] io scheduler bfq registered
[    0.092815] l17: Bringing 0uV into 1648000-1648000uV
[    0.093039] l19: Bringing 0uV into 3312000-3312000uV
[    0.096270] simple-framebuffer 9d400000.framebuffer: framebuffer at 0x9d400000, 0x964b00 bytes
[    0.096313] simple-framebuffer 9d400000.framebuffer: format=a8r8g8b8, mode=1080x2280x32, linelength=4320
[    0.105554] Console: switching to colour frame buffer device 135x142
[    0.114643] simple-framebuffer 9d400000.framebuffer: fb0: simplefb registered!
[    0.166496] msm_serial c170000.serial: msm_serial: detected port #0
[    0.166655] msm_serial c170000.serial: uartclk = 1843200
[    0.167037] c170000.serial: ttyMSM0 at MMIO 0xc170000 (irq = 17, base_baud = 115200) is a MSM
[    0.167916] msm_serial c1af000.serial: msm_serial: detected port #1
[    0.168039] msm_serial c1af000.serial: uartclk = 19200000
[    0.168372] c1af000.serial: ttyMSM1 at MMIO 0xc1af000 (irq = 18, base_baud = 1200000) is a MSM
[    0.168678] serial serial0: tty port ttyMSM1 registered
[    0.169030] msm_serial: driver initialized
[    0.170767] arm-smmu 16c0000.iommu: probing hardware configuration...
[    0.170836] arm-smmu 16c0000.iommu: SMMUv2 with:
[    0.170912] arm-smmu 16c0000.iommu: 	stage 1 translation
[    0.170971] arm-smmu 16c0000.iommu: 	address translation ops
[    0.171026] arm-smmu 16c0000.iommu: 	non-coherent table walk
[    0.171079] arm-smmu 16c0000.iommu: 	(IDR0.CTTW overridden by FW configuration)
[    0.171142] arm-smmu 16c0000.iommu: 	stream matching with 6 register groups
[    0.171224] arm-smmu 16c0000.iommu: 	21 context banks (0 stage-2 only)
[    0.171434] arm-smmu 16c0000.iommu: 	Supported page sizes: 0x63315000
[    0.171502] arm-smmu 16c0000.iommu: 	Stage-1: 36-bit VA -> 36-bit IPA
[    0.171682] arm-smmu 16c0000.iommu: 	preserved 0 boot mappings
[    0.173146] arm-smmu 5040000.iommu: probing hardware configuration...
[    0.173216] arm-smmu 5040000.iommu: SMMUv2 with:
[    0.173283] arm-smmu 5040000.iommu: 	stage 1 translation
[    0.173342] arm-smmu 5040000.iommu: 	address translation ops
[    0.173396] arm-smmu 5040000.iommu: 	non-coherent table walk
[    0.173449] arm-smmu 5040000.iommu: 	(IDR0.CTTW overridden by FW configuration)
[    0.173512] arm-smmu 5040000.iommu: 	stream matching with 3 register groups
[    0.173591] arm-smmu 5040000.iommu: 	5 context banks (0 stage-2 only)
[    0.173674] arm-smmu 5040000.iommu: 	Supported page sizes: 0x61311000
[    0.173741] arm-smmu 5040000.iommu: 	Stage-1: 48-bit VA -> 36-bit IPA
[    0.173864] arm-smmu 5040000.iommu: 	preserved 0 boot mappings
[    0.176764] arm-smmu 5100000.iommu: probing hardware configuration...
[    0.176836] arm-smmu 5100000.iommu: SMMUv2 with:
[    0.176903] arm-smmu 5100000.iommu: 	stage 1 translation
[    0.176963] arm-smmu 5100000.iommu: 	address translation ops
[    0.177017] arm-smmu 5100000.iommu: 	non-coherent table walk
[    0.177070] arm-smmu 5100000.iommu: 	(IDR0.CTTW overridden by FW configuration)
[    0.177132] arm-smmu 5100000.iommu: 	stream matching with 13 register groups
[    0.177220] arm-smmu 5100000.iommu: 	13 context banks (0 stage-2 only)
[    0.177504] arm-smmu 5100000.iommu: 	Supported page sizes: 0x63315000
[    0.177571] arm-smmu 5100000.iommu: 	Stage-1: 36-bit VA -> 36-bit IPA
[    0.177691] arm-smmu 5100000.iommu: 	preserved 0 boot mappings
[    0.180627] arm-smmu cd00000.iommu: probing hardware configuration...
[    0.180698] arm-smmu cd00000.iommu: SMMUv2 with:
[    0.180767] arm-smmu cd00000.iommu: 	stage 1 translation
[    0.180826] arm-smmu cd00000.iommu: 	address translation ops
[    0.180880] arm-smmu cd00000.iommu: 	non-coherent table walk
[    0.180932] arm-smmu cd00000.iommu: 	(IDR0.CTTW overridden by FW configuration)
[    0.180995] arm-smmu cd00000.iommu: 	stream matching with 52 register groups
[    0.181087] arm-smmu cd00000.iommu: 	17 context banks (0 stage-2 only)
[    0.181982] arm-smmu cd00000.iommu: 	Supported page sizes: 0x63315000
[    0.182049] arm-smmu cd00000.iommu: 	Stage-1: 32-bit VA -> 36-bit IPA
[    0.182194] arm-smmu cd00000.iommu: 	preserved 0 boot mappings
[    0.185463] ANTIGRAVITY: drm_core_init enter
[    0.185575] ANTIGRAVITY: drm_core_init SUCCESS!
[    0.185637] ANTIGRAVITY: msm_drm_register STARTED (modeset=1)
[    0.186191] ANTIGRAVITY: msm_mdss probe ENTER for c900000.display-subsystem (is_mdp5=1)
[    0.186375] ANTIGRAVITY: msm_mdss_init FAILED ret=-517
[    0.186673] ANTIGRAVITY: msm_mdss_register platform_driver_register returned 0
[    0.188864] ANTIGRAVITY: msm_drm_register complete
[    0.190715] zram: Added device: zram0
[    0.190961] spmi_pmic_arb 800f000.spmi: PMIC arbiter version v3 (0x30000000)
[    0.194697] ANTIGRAVITY: gpiochip_count_reserved_ranges for label=800f000.spmi:pmic@0:gpio@c000: dev=gpiochip1, size=-22, parent_size=-22
[    0.194812] ANTIGRAVITY: of_gpiochip_add start
[    0.194864] ANTIGRAVITY: of_gpiochip_add returned 0
[    0.194911] ANTIGRAVITY: gpiochip_add_pin_ranges start
[    0.194957] ANTIGRAVITY: gpiochip_add_pin_ranges returned 0
[    0.195007] ANTIGRAVITY: gpiochip_irqchip_init_valid_mask start
[    0.195056] ANTIGRAVITY: gpiochip_irqchip_init_valid_mask returned 0
[    0.195109] ANTIGRAVITY: gpiochip_irqchip_init_hw start
[    0.195154] ANTIGRAVITY: gpiochip_irqchip_init_hw returned 0
[    0.195202] ANTIGRAVITY: gpiochip_add_irqchip start
[    0.195262] ANTIGRAVITY: gpiochip_add_irqchip returned 0
[    0.195310] ANTIGRAVITY: gpiochip_add_data_with_key entry
[    0.198348] ANTIGRAVITY: gpiochip_count_reserved_ranges for label=800f000.spmi:pmic@2:gpio@c000: dev=gpiochip2, size=-22, parent_size=-22
[    0.198462] ANTIGRAVITY: of_gpiochip_add start
[    0.198514] ANTIGRAVITY: of_gpiochip_add returned 0
[    0.198560] ANTIGRAVITY: gpiochip_add_pin_ranges start
[    0.198607] ANTIGRAVITY: gpiochip_add_pin_ranges returned 0
[    0.198656] ANTIGRAVITY: gpiochip_irqchip_init_valid_mask start
[    0.198706] ANTIGRAVITY: gpiochip_irqchip_init_valid_mask returned 0
[    0.198758] ANTIGRAVITY: gpiochip_irqchip_init_hw start
[    0.198804] ANTIGRAVITY: gpiochip_irqchip_init_hw returned 0
[    0.198852] ANTIGRAVITY: gpiochip_add_irqchip start
[    0.198913] ANTIGRAVITY: gpiochip_add_irqchip returned 0
[    0.198961] ANTIGRAVITY: gpiochip_add_data_with_key entry
[    0.200656] spmi spmi-0: cleanup_irq apid=52 sid=0x3 per=0xd8 irq=1
[    0.200732] irq 99, desc: (____ptrval____), depth: 0, count: 0, unhandled: 0
[    0.200783] ->handle_irq():  (____ptrval____), pmic_arb_chained_irq+0x0/0x2f4
[    0.200844] ->irq_data.chip(): (____ptrval____), gic_chip+0x0/0x118
[    0.200896] ->action(): (____ptrval____)
[    0.200927] ->action->handler(): (____ptrval____), bad_chained_irq+0x0/0x50
[    0.200980]      IRQ_LEVEL set
[    0.201007]    IRQ_NOPROBE set
[    0.201035]  IRQ_NOREQUEST set
[    0.201062]   IRQ_NOTHREAD set
[    0.212421] printk: legacy console [ttyGS0] enabled
[    0.213562] g_serial gadget.0: Gadget Serial v2.4
[    0.213618] g_serial gadget.0: g_serial ready
[    0.216709] Bluetooth: HCI UART driver ver 2.3
[    0.216770] Bluetooth: HCI UART protocol H4 registered
[    0.216865] Bluetooth: HCI UART protocol QCA registered
[    0.217773] clocksource: arch_mmio_counter: mask: 0xffffffffffffff max_cycles: 0x46d987e47, max_idle_ns: 440795202767 ns
[    0.217881] arch-timer-mmio 17920000.timer: mmio timer running at 19.20MHz (virt)
[    0.218073] Bluetooth: hci0: setting up wcn399x
[    0.218433] usbcore: registered new interface driver usbhid
[    0.218499] usbhid: USB HID core driver
[    0.219771] remoteproc remoteproc0: releasing 4080000.remoteproc
[    0.222104] NET: Registered PF_INET6 protocol family
[    0.223022] Segment Routing with IPv6
[    0.226239] In-situ OAM (IOAM) with IPv6
[    0.229422] sit: IPv6, IPv4 and MPLS over IPv4 tunneling driver
[    0.267013] ANTIGRAVITY: msm_mdss probe ENTER for c900000.display-subsystem (is_mdp5=1)
[    0.270391] ANTIGRAVITY: msm_mdss_init FAILED ret=-517
[    0.275582] remoteproc remoteproc0: 4080000.remoteproc is available
[    0.291544] ANTIGRAVITY: msm_mdss probe ENTER for c900000.display-subsystem (is_mdp5=1)
[    0.295461] platform c901000.display-controller: Adding to iommu group 0
[    0.299068] arm-smmu cd00000.iommu: Unhandled context fault: fsr=0x402, iova=0x9daca600, fsynr=0x21, cbfrsynra=0x0, cb=0
[    0.299267] /soc@0/display-subsystem@c900000/display-controller@c901000: Fixed dependency cycle(s) with /soc@0/display-subsystem@c900000/dsi@c994000
[    0.301683] arm-smmu cd00000.iommu: FSR    = 00000402 [Format=2 TF], SID=0x0
[    0.311162] arm-smmu cd00000.iommu: FSYNR0 = 00000021 [S1CBNDX=0 PNU PLVL=1]
[    0.313848] arm-smmu cd00000.iommu: Unhandled context fault: fsr=0x402, iova=0x9d9b5000, fsynr=0x21, cbfrsynra=0x0, cb=0
[    0.316512] arm-smmu cd00000.iommu: FSR    = 00000402 [Format=2 TF], SID=0x0
[    0.319161] arm-smmu cd00000.iommu: FSYNR0 = 00000021 [S1CBNDX=0 PNU PLVL=1]
[    0.321858] arm-smmu cd00000.iommu: Unhandled context fault: fsr=0x402, iova=0x9d4c0900, fsynr=0x21, cbfrsynra=0x0, cb=0
[    0.324546] arm-smmu cd00000.iommu: FSR    = 00000402 [Format=2 TF], SID=0x0
[    0.327237] arm-smmu cd00000.iommu: FSYNR0 = 00000021 [S1CBNDX=0 PNU PLVL=1]
[    0.329967] arm-smmu cd00000.iommu: Unhandled context fault: fsr=0x402, iova=0x9d964c00, fsynr=0x21, cbfrsynra=0x0, cb=0
[    0.332701] arm-smmu cd00000.iommu: FSR    = 00000402 [Format=2 TF], SID=0x0
[    0.335421] arm-smmu cd00000.iommu: FSYNR0 = 00000021 [S1CBNDX=0 PNU PLVL=1]
[    0.338167] arm-smmu cd00000.iommu: Unhandled context fault: fsr=0x402, iova=0x9d48d300, fsynr=0x21, cbfrsynra=0x0, cb=0
[    0.340894] arm-smmu cd00000.iommu: FSR    = 00000402 [Format=2 TF], SID=0x0
[    0.343606] arm-smmu cd00000.iommu: FSYNR0 = 00000021 [S1CBNDX=0 PNU PLVL=1]
[    0.346344] arm-smmu cd00000.iommu: Unhandled context fault: fsr=0x402, iova=0x9d93a900, fsynr=0x21, cbfrsynra=0x0, cb=0
[    0.349066] arm-smmu cd00000.iommu: FSR    = 00000402 [Format=2 TF], SID=0x0
[    0.351777] arm-smmu cd00000.iommu: FSYNR0 = 00000021 [S1CBNDX=0 PNU PLVL=1]
[    0.354535] arm-smmu cd00000.iommu: Unhandled context fault: fsr=0x402, iova=0x9d461900, fsynr=0x21, cbfrsynra=0x0, cb=0
[    0.357268] arm-smmu cd00000.iommu: FSR    = 00000402 [Format=2 TF], SID=0x0
[    0.359982] arm-smmu cd00000.iommu: FSYNR0 = 00000021 [S1CBNDX=0 PNU PLVL=1]
[    0.362736] arm-smmu cd00000.iommu: Unhandled context fault: fsr=0x402, iova=0x9d912900, fsynr=0x21, cbfrsynra=0x0, cb=0
[    0.365470] arm-smmu cd00000.iommu: FSR    = 00000402 [Format=2 TF], SID=0x0
[    0.368187] arm-smmu cd00000.iommu: FSYNR0 = 00000021 [S1CBNDX=0 PNU PLVL=1]
[    0.370946] arm-smmu cd00000.iommu: Unhandled context fault: fsr=0x402, iova=0x9d43c300, fsynr=0x21, cbfrsynra=0x0, cb=0
[    0.373686] arm-smmu cd00000.iommu: FSR    = 00000402 [Format=2 TF], SID=0x0
[    0.376431] arm-smmu cd00000.iommu: FSYNR0 = 00000021 [S1CBNDX=0 PNU PLVL=1]
[    0.383954] Bluetooth: hci0: QCA Product ID   :0x0000000a
[    0.387562] Bluetooth: hci0: QCA SOC Version  :0x40020140
[    0.391177] Bluetooth: hci0: QCA ROM Version  :0x00000201
[    0.394765] Bluetooth: hci0: QCA Patch Version:0x00000001
[    0.397959] /soc@0/display-subsystem@c900000/dsi@c994000: Fixed dependency cycle(s) with /soc@0/display-subsystem@c900000/dsi@c994000/panel@0
[    0.406043] /soc@0/display-subsystem@c900000/dsi@c994000/panel@0: Fixed dependency cycle(s) with /soc@0/display-subsystem@c900000/dsi@c994000
[    0.416320] Bluetooth: hci0: QCA controller version 0x01400201
[    0.420068] Bluetooth: hci0: QCA Downloading qca/crbtfw21.tlv
[    0.466385] ANTIGRAVITY [DSI-PHY]: Starting dsi_phy_driver_probe for c994400.phy...
[    0.471050] ANTIGRAVITY: msm_mdss probe DONE for c900000.display-subsystem
[    0.480436] mmc1: CQHCI version 5.10
[    0.502589] ANTIGRAVITY [DSI-CTRL]: Starting dsi_init for c994000.dsi...
[    0.507168] /soc@0/display-subsystem@c900000/dsi@c994000: Fixed dependency cycle(s) with /soc@0/display-subsystem@c900000/dsi@c994000/panel@0
[    0.515126] /soc@0/display-subsystem@c900000/dsi@c994000/panel@0: Fixed dependency cycle(s) with /soc@0/display-subsystem@c900000/dsi@c994000
[    0.517283] mmc1: SDHCI controller on c0c4000.mmc [c0c4000.mmc] using ADMA 64-bit
[    0.523250] panel-orisetech-otm1911a c994000.dsi.0: ANTIGRAVITY: otm1911a_probe starting...
[    0.527054] sdhci_msm c0c4000.mmc: mmc1: CQE init: success
[    0.531582] msm_dpu c901000.display-controller: bound c994000.dsi (ops dsi_ops)
[    0.539492] Console: switching to colour dummy device 80x25
[    0.541845] ------------[ cut here ]------------
[    0.541874] mdp_clk_src: rcg didn't update its configuration.
[    0.541911] WARNING: drivers/clk/qcom/clk-rcg2.c:136 at update_config+0xd4/0xe4, CPU#4: kworker/u34:3/88
[    0.541984] CPU: 4 UID: 0 PID: 88 Comm: kworker/u34:3 Not tainted 7.1.0 #1 PREEMPT 
[    0.542020] Hardware name: Nokia 6.1 Plus (DT)
[    0.542044] Workqueue: events_unbound deferred_probe_work_func
[    0.542083] pstate: 60000005 (nZCv daif -PAN -UAO -TCO -DIT -SSBS BTYPE=--)
[    0.542113] pc : update_config+0xd4/0xe4
[    0.542140] lr : update_config+0xd4/0xe4
[    0.542166] sp : ffffffc080a33300
[    0.542186] x29: ffffffc080a33310 x28: 0000000000000000 x27: ffffff8081928580
[    0.542228] x26: ffffffe2ccf6ff18 x25: 00000000ffffffff x24: ffffffc080a33508
[    0.542267] x23: ffffff808089ac00 x22: 0000000011e1a300 x21: ffffffe2ccbe0b98
[    0.542304] x20: ffffffe2ccf4c0b8 x19: 0000000000000000 x18: fffffffffffe0000
[    0.542341] x17: 6f5f697364207370 x16: 28f5c28f5c28f5c3 x15: ffffffc080a32c70
[    0.542378] x14: 00000000ffffffea x13: ffffffc080a33058 x12: ffffffe2ccf28c68
[    0.542416] x11: ffffffe2ccf10c80 x10: 0000000000017fe8 x9 : 0000000000000001
[    0.542453] x8 : ffffffffffffefff x7 : ffffffffffffffff x6 : 0000000000057fa8
[    0.542490] x5 : ffffffe2ccf10c28 x4 : 0000000000000000 x3 : 0000000000000000
[    0.542526] x2 : 0000000000000000 x1 : 0000000000000000 x0 : ffffff8085d40c80
[    0.542564] Call trace:
[    0.542584]  update_config+0xd4/0xe4 (P)
[    0.542613]  clk_rcg2_configure+0xb8/0xc0
[    0.542642]  clk_rcg2_set_rate_and_parent+0x2c/0x44
[    0.542673]  clk_change_rate+0x7c/0x2b4
[    0.542701]  clk_core_set_rate_nolock+0x16c/0x278
[    0.542727]  clk_set_rate+0x38/0x14c
[    0.542752]  _opp_config_clk_single+0x30/0xa8
[    0.542785]  _set_opp+0x120/0x508
[    0.542810]  dev_pm_opp_set_rate+0x198/0x2bc
[    0.542836]  dpu_kms_init+0x74/0x15c
[    0.542864]  msm_drm_kms_init+0x80/0x3d8
[    0.542894]  msm_drm_init+0x124/0x300
[    0.542924]  msm_drm_bind+0x30/0x3c
[    0.542952]  try_to_bring_up_aggregate_device+0x164/0x1d0
[    0.542986]  __component_add+0xac/0x178
[    0.543017]  component_add+0x14/0x20
[    0.543046]  dsi_dev_attach+0x20/0x2c
[    0.543073]  dsi_host_attach+0x70/0x108
[    0.543098]  mipi_dsi_attach+0x30/0x54
[    0.543128]  otm1911a_probe+0x100/0x1d0
[    0.543157]  mipi_dsi_drv_probe+0x20/0x2c
[    0.543185]  really_probe+0xbc/0x298
[    0.543215]  __driver_probe_device+0x80/0x160
[    0.543244]  driver_probe_device+0xd4/0x164
[    0.543273]  __device_attach_driver+0xd8/0x170
[    0.543302]  bus_for_each_drv+0x88/0xe8
[    0.543331]  __device_attach+0xa0/0x190
[    0.543360]  device_initial_probe+0x50/0x54
[    0.543389]  bus_probe_device+0x38/0xa4
[    0.543417]  device_add+0x594/0x780
[    0.543443]  mipi_dsi_device_register_full+0xf4/0x1cc
[    0.543475]  mipi_dsi_host_register+0x9c/0x19c
[    0.543504]  msm_dsi_host_register+0x40/0x60
[    0.543530]  msm_dsi_manager_register+0x15c/0x218
[    0.543558]  dsi_dev_probe+0x198/0x214
[    0.543583]  platform_probe+0x5c/0x9c
[    0.543609]  really_probe+0xbc/0x298
[    0.543637]  __driver_probe_device+0x80/0x160
[    0.543666]  driver_probe_device+0xd4/0x164
[    0.543694]  __device_attach_driver+0xd8/0x170
[    0.543723]  bus_for_each_drv+0x88/0xe8
[    0.543752]  __device_attach+0xa0/0x190
[    0.543780]  device_initial_probe+0x50/0x54
[    0.543809]  bus_probe_device+0x38/0xa4
[    0.543837]  deferred_probe_work_func+0x88/0xc0
[    0.543867]  process_one_work+0x174/0x2c8
[    0.543896]  worker_thread+0x18c/0x308
[    0.543921]  kthread+0x11c/0x128
[    0.543950]  ret_from_fork+0x10/0x20
[    0.543980] ---[ end trace 0000000000000000 ]---
[    0.544712] [drm:dpu_kms_hw_init:1197] dpu hardware revision:0x30020000
[    0.547739] [drm] Initialized msm-kms 1.13.0 for c901000.display-controller on minor 0
[    0.547818] msm_dpu c901000.display-controller: no GPU device was found
[    0.571978] ------------[ cut here ]------------
[    0.571992] pclk0_clk_src: rcg didn't update its configuration.
[    0.572026] WARNING: drivers/clk/qcom/clk-rcg2.c:136 at update_config+0xd4/0xe4, CPU#4: kworker/u34:3/88
[    0.572062] CPU: 4 UID: 0 PID: 88 Comm: kworker/u34:3 Tainted: G        W           7.1.0 #1 PREEMPT 
[    0.572078] Tainted: [W]=WARN
[    0.572084] Hardware name: Nokia 6.1 Plus (DT)
[    0.572092] Workqueue: events_unbound deferred_probe_work_func
[    0.572115] pstate: 60000005 (nZCv daif -PAN -UAO -TCO -DIT -SSBS BTYPE=--)
[    0.572126] pc : update_config+0xd4/0xe4
[    0.572138] lr : update_config+0xd4/0xe4
[    0.572149] sp : ffffffc080a329b0
[    0.572154] x29: ffffffc080a329c0 x28: ffffff8080bf1880 x27: 0000000000000000
[    0.572171] x26: ffffff8080bf1880 x25: 0000000000000000 x24: 000000001e3834c0
[    0.572185] x23: ffffffe2ccf4c040 x22: 000000001e3834c0 x21: ffffffe2ccbe0b88
[    0.572200] x20: ffffffe2ccf4c028 x19: 0000000000000000 x18: fffffffffffe0000
[    0.572213] x17: 0000000000000025 x16: ffffffc080aa571c x15: ffffff8085d40d00
[    0.572227] x14: fffffffffffc89c8 x13: 2e6e6f6974617275 x12: 6769666e6f632073
[    0.572241] x11: 7469206574616470 x10: 752074276e646964 x9 : 72756769666e6f63
[    0.572256] x8 : 2073746920657461 x7 : ffffffe2cceb8c00 x6 : ffffffc080a32760
[    0.572269] x5 : 0000000000000000 x4 : 0000000000000000 x3 : 00000000ffffffff
[    0.572282] x2 : 0000000000000000 x1 : 0000000000000000 x0 : ffffff8085d40c80
[    0.572296] Call trace:
[    0.572301]  update_config+0xd4/0xe4 (P)
[    0.572315]  clk_rcg2_configure+0xb8/0xc0
[    0.572328]  clk_pixel_set_rate+0x138/0x180
[    0.572340]  clk_change_rate+0x144/0x2b4
[    0.572353]  clk_change_rate+0xec/0x2b4
[    0.572362]  clk_change_rate+0xec/0x2b4
[    0.572372]  clk_change_rate+0xec/0x2b4
[    0.572381]  clk_change_rate+0xec/0x2b4
[    0.572390]  clk_core_set_rate_nolock+0x16c/0x278
[    0.572401]  clk_set_rate+0x38/0x14c
[    0.572410]  _opp_config_clk_single+0x30/0xa8
[    0.572428]  _set_opp+0x14c/0x508
[    0.572438]  dev_pm_opp_set_rate+0x198/0x2bc
[    0.572448]  dsi_link_clk_set_rate_6g+0x44/0x12c
[    0.572460]  msm_dsi_host_power_on+0xc0/0x990
[    0.572471]  dsi_mgr_bridge_pre_enable+0x184/0x2ec
[    0.572483]  drm_atomic_bridge_call_pre_enable+0x40/0x4c
[    0.572498]  drm_atomic_bridge_chain_pre_enable+0xc0/0x134
[    0.572511]  drm_atomic_helper_commit_encoder_bridge_pre_enable+0xb8/0xf4
[    0.572527]  drm_atomic_helper_commit_modeset_enables+0x28/0x50
[    0.572541]  msm_atomic_commit_tail+0x1ac/0x554
[    0.572556]  commit_tail+0xa4/0x18c
[    0.572569]  drm_atomic_helper_commit+0x164/0x178
[    0.572581]  drm_atomic_commit+0x8c/0xcc
[    0.572592]  drm_client_modeset_commit_atomic+0x218/0x278
[    0.572609]  drm_client_modeset_commit_locked+0x5c/0x18c
[    0.572622]  drm_client_modeset_commit+0x30/0x58
[    0.572635]  __drm_fb_helper_restore_fbdev_mode_unlocked.part.0+0x90/0x98
[    0.572651]  drm_fb_helper_set_par+0x70/0x8c
[    0.572663]  fbcon_init+0x4ec/0x510
[    0.572674]  visual_init+0x90/0xdc
[    0.572687]  do_bind_con_driver.isra.0+0x15c/0x350
[    0.572700]  do_take_over_console+0x11c/0x194
[    0.572712]  do_fbcon_takeover+0x70/0xe8
[    0.572723]  fbcon_fb_registered+0x1e0/0x1e8
[    0.572733]  do_register_framebuffer+0x14c/0x254
[    0.572750]  register_framebuffer+0x2c/0x50
[    0.572763]  __drm_fb_helper_initial_config_and_unlock+0x38c/0x76c
[    0.572776]  drm_fb_helper_initial_config+0x44/0x54
[    0.572788]  drm_fbdev_client_hotplug+0xa8/0x178
[    0.572804]  drm_client_register+0x78/0x148
[    0.572817]  drm_fbdev_client_setup+0xc4/0x278
[    0.572832]  drm_client_setup+0xf8/0x1a4
[    0.572846]  msm_drm_kms_post_init+0x3c/0xac
[    0.572860]  msm_drm_init+0x1cc/0x300
[    0.572874]  msm_drm_bind+0x30/0x3c
[    0.572886]  try_to_bring_up_aggregate_device+0x164/0x1d0
[    0.572902]  __component_add+0xac/0x178
[    0.572916]  component_add+0x14/0x20
[    0.572929]  dsi_dev_attach+0x20/0x2c
[    0.572939]  dsi_host_attach+0x70/0x108
[    0.572949]  mipi_dsi_attach+0x30/0x54
[    0.572961]  otm1911a_probe+0x100/0x1d0
[    0.572975]  mipi_dsi_drv_probe+0x20/0x2c
[    0.572988]  really_probe+0xbc/0x298
[    0.573003]  __driver_probe_device+0x80/0x160
[    0.573016]  driver_probe_device+0xd4/0x164
[    0.573030]  __device_attach_driver+0xd8/0x170
[    0.573043]  bus_for_each_drv+0x88/0xe8
[    0.573057]  __device_attach+0xa0/0x190
[    0.573070]  device_initial_probe+0x50/0x54
[    0.573084]  bus_probe_device+0x38/0xa4
[    0.573096]  device_add+0x594/0x780
[    0.573107]  mipi_dsi_device_register_full+0xf4/0x1cc
[    0.573121]  mipi_dsi_host_register+0x9c/0x19c
[    0.573134]  msm_dsi_host_register+0x40/0x60
[    0.573144]  msm_dsi_manager_register+0x15c/0x218
[    0.573155]  dsi_dev_probe+0x198/0x214
[    0.573164]  platform_probe+0x5c/0x9c
[    0.573174]  really_probe+0xbc/0x298
[    0.573187]  __driver_probe_device+0x80/0x160
[    0.573200]  driver_probe_device+0xd4/0x164
[    0.573213]  __device_attach_driver+0xd8/0x170
[    0.573226]  bus_for_each_drv+0x88/0xe8
[    0.573239]  __device_attach+0xa0/0x190
[    0.573252]  device_initial_probe+0x50/0x54
[    0.573265]  bus_probe_device+0x38/0xa4
[    0.573278]  deferred_probe_work_func+0x88/0xc0
[    0.573291]  process_one_work+0x174/0x2c8
[    0.573303]  worker_thread+0x18c/0x308
[    0.573312]  kthread+0x11c/0x128
[    0.573328]  ret_from_fork+0x10/0x20
[    0.573343] ---[ end trace 0000000000000000 ]---
[    0.574359] ------------[ cut here ]------------
[    0.574364] pclk0_clk_src: rcg didn't update its configuration.
[    0.574394] WARNING: drivers/clk/qcom/clk-rcg2.c:136 at update_config+0xd4/0xe4, CPU#4: kworker/u34:3/88
[    0.574417] CPU: 4 UID: 0 PID: 88 Comm: kworker/u34:3 Tainted: G        W           7.1.0 #1 PREEMPT 
[    0.574431] Tainted: [W]=WARN
[    0.574435] Hardware name: Nokia 6.1 Plus (DT)
[    0.574441] Workqueue: events_unbound deferred_probe_work_func
[    0.574457] pstate: 60000005 (nZCv daif -PAN -UAO -TCO -DIT -SSBS BTYPE=--)
[    0.574466] pc : update_config+0xd4/0xe4
[    0.574478] lr : update_config+0xd4/0xe4
[    0.574488] sp : ffffffc080a32b70
[    0.574492] x29: ffffffc080a32b80 x28: ffffff8080bf1880 x27: 0000000000000000
[    0.574508] x26: ffffff8080bf1880 x25: 0000000000000000 x24: 000000000a12bc40
[    0.574522] x23: ffffffe2ccf4c040 x22: 000000000a12bc40 x21: ffffffe2ccbe0b88
[    0.574536] x20: ffffffe2ccf4c028 x19: 0000000000000000 x18: fffffffffffe0000
[    0.574549] x17: 0000000000000025 x16: ffffffc080aa571c x15: ffffff8085d40d00
[    0.574563] x14: fffffffffffc9e58 x13: 2e6e6f6974617275 x12: 6769666e6f632073
[    0.574577] x11: 7469206574616470 x10: 752074276e646964 x9 : 72756769666e6f63
[    0.574591] x8 : 2073746920657461 x7 : ffffffe2cceb8c00 x6 : ffffffc080a32920
[    0.574604] x5 : 0000000000000000 x4 : 0000000000000000 x3 : 00000000ffffffff
[    0.574617] x2 : 0000000000000000 x1 : 0000000000000000 x0 : ffffff8085d40c80
[    0.574630] Call trace:
[    0.574633]  update_config+0xd4/0xe4 (P)
[    0.574645]  clk_rcg2_configure+0xb8/0xc0
[    0.574658]  clk_pixel_set_rate+0x138/0x180
[    0.574669]  clk_change_rate+0x144/0x2b4
[    0.574680]  clk_change_rate+0xec/0x2b4
[    0.574690]  clk_core_set_rate_nolock+0x16c/0x278
[    0.574700]  clk_set_rate+0x38/0x14c
[    0.574709]  dsi_link_clk_set_rate_6g+0x68/0x12c
[    0.574721]  msm_dsi_host_power_on+0xc0/0x990
[    0.574733]  dsi_mgr_bridge_pre_enable+0x184/0x2ec
[    0.574744]  drm_atomic_bridge_call_pre_enable+0x40/0x4c
[    0.574758]  drm_atomic_bridge_chain_pre_enable+0xc0/0x134
[    0.574770]  drm_atomic_helper_commit_encoder_bridge_pre_enable+0xb8/0xf4
[    0.574783]  drm_atomic_helper_commit_modeset_enables+0x28/0x50
[    0.574796]  msm_atomic_commit_tail+0x1ac/0x554
[    0.574809]  commit_tail+0xa4/0x18c
[    0.574821]  drm_atomic_helper_commit+0x164/0x178
[    0.574833]  drm_atomic_commit+0x8c/0xcc
[    0.574844]  drm_client_modeset_commit_atomic+0x218/0x278
[    0.574859]  drm_client_modeset_commit_locked+0x5c/0x18c
[    0.574872]  drm_client_modeset_commit+0x30/0x58
[    0.574885]  __drm_fb_helper_restore_fbdev_mode_unlocked.part.0+0x90/0x98
[    0.574900]  drm_fb_helper_set_par+0x70/0x8c
[    0.574912]  fbcon_init+0x4ec/0x510
[    0.574923]  visual_init+0x90/0xdc
[    0.574935]  do_bind_con_driver.isra.0+0x15c/0x350
[    0.574947]  do_take_over_console+0x11c/0x194
[    0.574959]  do_fbcon_takeover+0x70/0xe8
[    0.574969]  fbcon_fb_registered+0x1e0/0x1e8
[    0.574979]  do_register_framebuffer+0x14c/0x254
[    0.574994]  register_framebuffer+0x2c/0x50
[    0.575007]  __drm_fb_helper_initial_config_and_unlock+0x38c/0x76c
[    0.575019]  drm_fb_helper_initial_config+0x44/0x54
[    0.575031]  drm_fbdev_client_hotplug+0xa8/0x178
[    0.575046]  drm_client_register+0x78/0x148
[    0.575059]  drm_fbdev_client_setup+0xc4/0x278
[    0.575073]  drm_client_setup+0xf8/0x1a4
[    0.575087]  msm_drm_kms_post_init+0x3c/0xac
[    0.575100]  msm_drm_init+0x1cc/0x300
[    0.575113]  msm_drm_bind+0x30/0x3c
[    0.575125]  try_to_bring_up_aggregate_device+0x164/0x1d0
[    0.575140]  __component_add+0xac/0x178
[    0.575154]  component_add+0x14/0x20
[    0.575167]  dsi_dev_attach+0x20/0x2c
[    0.575176]  dsi_host_attach+0x70/0x108
[    0.575185]  mipi_dsi_attach+0x30/0x54
[    0.575198]  otm1911a_probe+0x100/0x1d0
[    0.575212]  mipi_dsi_drv_probe+0x20/0x2c
[    0.575225]  really_probe+0xbc/0x298
[    0.575239]  __driver_probe_device+0x80/0x160
[    0.575253]  driver_probe_device+0xd4/0x164
[    0.575266]  __device_attach_driver+0xd8/0x170
[    0.575281]  bus_for_each_drv+0x88/0xe8
[    0.575293]  __device_attach+0xa0/0x190
[    0.575307]  device_initial_probe+0x50/0x54
[    0.575321]  bus_probe_device+0x38/0xa4
[    0.575333]  device_add+0x594/0x780
[    0.575344]  mipi_dsi_device_register_full+0xf4/0x1cc
[    0.575357]  mipi_dsi_host_register+0x9c/0x19c
[    0.575370]  msm_dsi_host_register+0x40/0x60
[    0.575380]  msm_dsi_manager_register+0x15c/0x218
[    0.575392]  dsi_dev_probe+0x198/0x214
[    0.575401]  platform_probe+0x5c/0x9c
[    0.575410]  really_probe+0xbc/0x298
[    0.575424]  __driver_probe_device+0x80/0x160
[    0.575437]  driver_probe_device+0xd4/0x164
[    0.575450]  __device_attach_driver+0xd8/0x170
[    0.575463]  bus_for_each_drv+0x88/0xe8
[    0.575476]  __device_attach+0xa0/0x190
[    0.575489]  device_initial_probe+0x50/0x54
[    0.575502]  bus_probe_device+0x38/0xa4
[    0.575514]  deferred_probe_work_func+0x88/0xc0
[    0.575528]  process_one_work+0x174/0x2c8
[    0.575539]  worker_thread+0x18c/0x308
[    0.575548]  kthread+0x11c/0x128
[    0.575562]  ret_from_fork+0x10/0x20
[    0.575574] ---[ end trace 0000000000000000 ]---
[    0.613109] mmc1: Command Queue Engine enabled
[    0.613143] mmc1: new HS400 Enhanced strobe MMC card at address 0001
[    0.614047] mmcblk1: mmc1:0001 DA4064 58.2 GiB
[    0.631117]  mmcblk1: p1 p2 p3 p4 p5 p6 p7 p8 p9 p10 p11 p12 p13 p14 p15 p16 p17 p18 p19 p20 p21 p22 p23 p24 p25 p26 p27 p28 p29 p30 p31 p32 p33 p34 p35 p36 p37 p38 p39 p40 p41 p42 p43 p44 p45 p46 p47 p48 p49 p50 p51 p52 p53 p54 p55 p56 p57 p58 p59 p60 p61 p62 p63 p64 p65 p66 p67 p68 p69 p70 p71 p72 p73 p74 p75 p76 p77 p78 p79 p80 p81 p82 p83 p84 p85
[    0.644164] mmcblk1boot0: mmc1:0001 DA4064 4.00 MiB
[    0.648945] mmcblk1boot1: mmc1:0001 DA4064 4.00 MiB
[    0.654372] mmcblk1rpmb: mmc1:0001 DA4064 16.0 MiB, chardev (244:0)
[    0.659630] Freeing initrd memory: 1048K
[    0.930287] [drm:programmable_fetch_get_num_lines:194] low vbp+vfp may lead to perf issues in some cases
[    0.930554] fb0: sys_fillrect: framebuffer is not in virtual address space.
[    0.930601] fb0: sys_imageblit: framebuffer is not in virtual address space.
[    0.942091] ------------[ cut here ]------------
[    0.942096] Unbalanced enable for IRQ 101
[    0.942113] WARNING: kernel/irq/manage.c:774 at __enable_irq+0x4c/0x7c, CPU#4: kworker/4:4/108
[    0.942147] CPU: 4 UID: 0 PID: 108 Comm: kworker/4:4 Tainted: G        W           7.1.0 #1 PREEMPT 
[    0.942162] Tainted: [W]=WARN
[    0.942166] Hardware name: Nokia 6.1 Plus (DT)
[    0.942174] Workqueue: events wled_ovp_work
[    0.942195] pstate: 600000c5 (nZCv daIF -PAN -UAO -TCO -DIT -SSBS BTYPE=--)
[    0.942206] pc : __enable_irq+0x4c/0x7c
[    0.942217] lr : __enable_irq+0x4c/0x7c
[    0.942228] sp : ffffffc08107bd40
[    0.942233] x29: ffffffc08107bd40 x28: 0000000000000000 x27: 0000000000000000
[    0.942248] x26: ffffff80fdcae428 x25: 0000000000000000 x24: ffffff8085d41900
[    0.942262] x23: ffffff808004de05 x22: 0000000000000001 x21: 0000000000000000
[    0.942276] x20: 0000000000000065 x19: ffffff8081850e00 x18: 00000000ffffffff
[    0.942289] x17: 0000000000000043 x16: 28f5c28f5c28f5c3 x15: ffffffc08107b8e0
[    0.942303] x14: 00000000ffffffea x13: ffffffc08107b9a8 x12: ffffffe2ccf28c68
[    0.942317] x11: ffffffe2ccf10c80 x10: 0000000000017fe8 x9 : 0000000000000001
[    0.942330] x8 : ffffffffffffefff x7 : ffffffffffffffff x6 : 0000000000057fa8
[    0.942344] x5 : 0000000000000000 x4 : 0000000000000000 x3 : 00000000ffffffff
[    0.942357] x2 : 0000000000000000 x1 : 0000000000000000 x0 : ffffff8085d41900
[    0.942371] Call trace:
[    0.942375]  __enable_irq+0x4c/0x7c (P)
[    0.942389]  enable_irq+0x6c/0xd8
[    0.942400]  wled_ovp_work+0x14/0x20
[    0.942412]  process_one_work+0x174/0x2c8
[    0.942426]  worker_thread+0x18c/0x308
[    0.942436]  kthread+0x11c/0x128
[    0.942451]  ret_from_fork+0x10/0x20
[    0.942466] ---[ end trace 0000000000000000 ]---
[    0.969965] Console: switching to colour frame buffer device 135x142
[    1.251000] Bluetooth: hci0: QCA Downloading qca/crnv21.bin
[    1.253812] msm_dpu c901000.display-controller: [drm] fb0: msm-kmsdrmfb frame buffer device
[    1.390749] Bluetooth: hci0: QCA setup on UART is completed
[    1.392957] gcc-sdm660 100000.clock-controller: sync_state() pending due to 793000.rng
[    1.462861] gcc-sdm660 100000.clock-controller: sync_state() pending due to c144000.dma-controller
[    1.466200] gcc-sdm660 100000.clock-controller: sync_state() pending due to c184000.dma-controller
[    1.469648] clk: Disabling unused clocks
[    1.473413] PM: genpd: Disabling unused power domains
[    1.480362] Freeing unused kernel memory: 2176K
[    1.483822] Run /init as init process
[    1.487132]   with arguments:
[    1.487140]     /init
[    1.487149]   with environment:
[    1.487156]     HOME=/
[    1.487164]     TERM=linux
[    1.487172]     earlycon=msm_serial_dm,0xc170000
[    1.487179]     buildvariant=userdebug
[    1.487187]     dm=system none ro,0 1 android-verity /dev/mmcblk0p82
[    1.487195]     download_mode=0
[    2.172363] EXT4-fs (mmcblk1p73): warning: maximal mount count reached, running e2fsck is recommended
[    2.175460] EXT4-fs (mmcblk1p73): recovery complete
[    2.178112] EXT4-fs (mmcblk1p73): mounted filesystem 57f8f4bc-abf4-655f-bf67-946fc0f9f25b r/w with ordered data mode. Quota mode: disabled.
[    3.000610] remoteproc remoteproc0: powering up 4080000.remoteproc
[    3.018422] remoteproc remoteproc0: Booting fw image qcom/sdm636/mba.mbn, size 238256
[    3.110088] qcom-q6v5-mss 4080000.remoteproc: MBA booted without debug policy, loading mpss
[    4.829830] qcom-q6v5-mss 4080000.remoteproc: q6v5_handover_interrupt (handover_issued=0)
[    4.831959] qcom-q6v5-mss 4080000.remoteproc: qcom_msa_handover called - retaining proxy clocks and power domains
[    4.833989] qcom-q6v5-mss 4080000.remoteproc: q6v5_ready_interrupt received
[    4.836030] qcom-q6v5-mss 4080000.remoteproc: q6v5_handover_interrupt (handover_issued=1)
[    4.840777] remoteproc remoteproc0: remote processor 4080000.remoteproc is now up
[    4.841915] PDM lookup: service='tms/pddump_disabled' offset=-1
[    4.846417] PDM lookup OK: service='tms/pddump_disabled' -> domain='msm/modem/root_pd' instance=180
[    4.921968] qcom-q6v5-mss 4080000.remoteproc: fatal error interrupt asserted (configured crash_reason=421)
[    4.924208] qcom-q6v5-mss 4080000.remoteproc: smem HOST_ANY item 421 lookup error: -2
[    4.926546] qcom-q6v5-mss 4080000.remoteproc: === MODEM MINIDUMP TOC (SMEM 602, 10240 bytes) ===
[    4.928637] qcom-q6v5-mss 4080000.remoteproc: Header:  (32 bytes), 319 entries follow
[    4.930737] qcom-q6v5-mss 4080000.remoteproc: Entry 0: name='TZ_IMEM' base=0x14680000 size=0x16000
[    4.932844] qcom-q6v5-mss 4080000.remoteproc: Entry 1: name='TZ_PIMEM' base=0x1c000000 size=0x200000
[    4.934956] qcom-q6v5-mss 4080000.remoteproc: Entry 2: name='HYP_DIAG' base=0x85998000 size=0x2000
[    4.937056] qcom-q6v5-mss 4080000.remoteproc: Entry 3: name='HYP_VER_INFO' base=0x85847828 size=0x7d
[    4.939327] qcom-q6v5-mss 4080000.remoteproc: smem HOST_ANY item 402: length=2328
[    4.941429] q6v5-diag: 00000000: a8 e0 a5 9d e2 c4 9e af 02 00 00 00 00 00 00 00  ................
[    4.943554] q6v5-diag: 00000010: 05 00 00 00 00 00 00 00 00 00 00 00 00 00 00 00  ................
[    4.945675] q6v5-diag: 00000020: 00 00 00 00 00 00 00 00 00 00 00 80 00 00 00 00  ................
[    4.947804] q6v5-diag: 00000030: 00 00 00 80 00 00 00 00 01 00 00 00 0e 00 00 00  ................
[    4.949913] q6v5-diag: 00000040: 00 00 00 00 01 00 00 00 08 00 00 00 00 00 00 00  ................
[    4.952021] q6v5-diag: 00000050: 10 00 00 00 00 00 00 00 00 00 00 80 00 00 00 00  ................
[    4.954126] q6v5-diag: 00000060: 00 00 00 00 00 00 00 00 00 00 00 00 00 00 00 00  ................
[    4.956221] q6v5-diag: 00000070: 00 00 00 00 01 00 00 00 00 00 00 80 00 00 00 00  ................
[    4.958320] qcom-q6v5-mss 4080000.remoteproc: smem host 0 item 402: length=2328
[    4.960420] q6v5-diag-host: 00000000: a8 e0 a5 9d e2 c4 9e af 02 00 00 00 00 00 00 00  ................
[    4.962552] q6v5-diag-host: 00000010: 05 00 00 00 00 00 00 00 00 00 00 00 00 00 00 00  ................
[    4.964678] q6v5-diag-host: 00000020: 00 00 00 00 00 00 00 00 00 00 00 80 00 00 00 00  ................
[    4.966804] q6v5-diag-host: 00000030: 00 00 00 80 00 00 00 00 01 00 00 00 0e 00 00 00  ................
[    4.968920] q6v5-diag-host: 00000040: 00 00 00 00 01 00 00 00 08 00 00 00 00 00 00 00  ................
[    4.971035] q6v5-diag-host: 00000050: 10 00 00 00 00 00 00 00 00 00 00 80 00 00 00 00  ................
[    4.973131] q6v5-diag-host: 00000060: 00 00 00 00 00 00 00 00 00 00 00 00 00 00 00 00  ................
[    4.975230] q6v5-diag-host: 00000070: 00 00 00 00 01 00 00 00 00 00 00 80 00 00 00 00  ................
[    4.977325] qcom-q6v5-mss 4080000.remoteproc: smem host 3 item 402: length=2328
[    4.979431] q6v5-diag-host: 00000000: a8 e0 a5 9d e2 c4 9e af 02 00 00 00 00 00 00 00  ................
[    4.981553] q6v5-diag-host: 00000010: 05 00 00 00 00 00 00 00 00 00 00 00 00 00 00 00  ................
[    4.983683] q6v5-diag-host: 00000020: 00 00 00 00 00 00 00 00 00 00 00 80 00 00 00 00  ................
[    4.985804] q6v5-diag-host: 00000030: 00 00 00 80 00 00 00 00 01 00 00 00 0e 00 00 00  ................
[    4.987936] q6v5-diag-host: 00000040: 00 00 00 00 01 00 00 00 08 00 00 00 00 00 00 00  ................
[    4.990050] q6v5-diag-host: 00000050: 10 00 00 00 00 00 00 00 00 00 00 80 00 00 00 00  ................
[    4.992166] q6v5-diag-host: 00000060: 00 00 00 00 00 00 00 00 00 00 00 00 00 00 00 00  ................
[    4.994278] q6v5-diag-host: 00000070: 00 00 00 00 01 00 00 00 00 00 00 80 00 00 00 00  ................
[    4.996383] qcom-q6v5-mss 4080000.remoteproc: smem host 4 item 402: length=2328
[    4.998505] q6v5-diag-host: 00000000: a8 e0 a5 9d e2 c4 9e af 02 00 00 00 00 00 00 00  ................
[    5.000645] q6v5-diag-host: 00000010: 05 00 00 00 00 00 00 00 00 00 00 00 00 00 00 00  ................
[    5.002804] q6v5-diag-host: 00000020: 00 00 00 00 00 00 00 00 00 00 00 80 00 00 00 00  ................
[    5.004941] q6v5-diag-host: 00000030: 00 00 00 80 00 00 00 00 01 00 00 00 0e 00 00 00  ................
[    5.007088] q6v5-diag-host: 00000040: 00 00 00 00 01 00 00 00 08 00 00 00 00 00 00 00  ................
[    5.009221] q6v5-diag-host: 00000050: 10 00 00 00 00 00 00 00 00 00 00 80 00 00 00 00  ................
[    5.011358] q6v5-diag-host: 00000060: 00 00 00 00 00 00 00 00 00 00 00 00 00 00 00 00  ................
[    5.013482] q6v5-diag-host: 00000070: 00 00 00 00 01 00 00 00 00 00 00 80 00 00 00 00  ................
[    5.015609] qcom-q6v5-mss 4080000.remoteproc: smem HOST_ANY item 403: length=16
[    5.017742] q6v5-diag: 00000000: 10 00 00 00 80 02 00 80 00 00 00 00 00 00 00 00  ................
[    5.019900] qcom-q6v5-mss 4080000.remoteproc: smem host 0 item 403: length=16
[    5.022077] q6v5-diag-host: 00000000: 10 00 00 00 80 02 00 80 00 00 00 00 00 00 00 00  ................
[    5.024272] qcom-q6v5-mss 4080000.remoteproc: smem host 3 item 403: length=16
[    5.026480] q6v5-diag-host: 00000000: 10 00 00 00 80 02 00 80 00 00 00 00 00 00 00 00  ................
[    5.028696] qcom-q6v5-mss 4080000.remoteproc: smem host 4 item 403: length=16
[    5.030936] q6v5-diag-host: 00000000: 10 00 00 00 80 02 00 80 00 00 00 00 00 00 00 00  ................
[    5.033191] qcom-q6v5-mss 4080000.remoteproc: smem HOST_ANY item 404: length=8192
[    5.035466] q6v5-diag: 00000000: a0 01 00 00 00 00 00 00 00 00 00 00 00 00 00 00  ................
[    5.037746] q6v5-diag: 00000010: 00 00 00 00 00 00 00 00 00 00 00 00 00 00 00 00  ................
[    5.040029] q6v5-diag: 00000020: 00 00 00 00 00 00 00 00 00 00 00 00 00 00 00 00  ................
[    5.042306] q6v5-diag: 00000030: 00 00 00 00 00 00 00 00 00 00 00 00 00 00 00 00  ................
[    5.044575] q6v5-diag: 00000040: 00 00 00 00 00 00 00 00 00 00 00 00 00 00 00 00  ................
[    5.046838] q6v5-diag: 00000050: 00 00 00 00 00 00 00 00 00 00 00 00 00 00 00 00  ................
[    5.049086] q6v5-diag: 00000060: 00 00 00 00 00 00 00 00 00 00 00 00 00 00 00 00  ................
[    5.051337] q6v5-diag: 00000070: 00 00 00 00 00 00 00 00 00 00 00 00 00 00 00 00  ................
[    5.053573] qcom-q6v5-mss 4080000.remoteproc: smem host 0 item 404: length=8192
[    5.055835] q6v5-diag-host: 00000000: a0 01 00 00 00 00 00 00 00 00 00 00 00 00 00 00  ................
[    5.058111] q6v5-diag-host: 00000010: 00 00 00 00 00 00 00 00 00 00 00 00 00 00 00 00  ................
[    5.060373] q6v5-diag-host: 00000020: 00 00 00 00 00 00 00 00 00 00 00 00 00 00 00 00  ................
[    5.062637] q6v5-diag-host: 00000030: 00 00 00 00 00 00 00 00 00 00 00 00 00 00 00 00  ................
[    5.064887] q6v5-diag-host: 00000040: 00 00 00 00 00 00 00 00 00 00 00 00 00 00 00 00  ................
[    5.067142] q6v5-diag-host: 00000050: 00 00 00 00 00 00 00 00 00 00 00 00 00 00 00 00  ................
[    5.069379] q6v5-diag-host: 00000060: 00 00 00 00 00 00 00 00 00 00 00 00 00 00 00 00  ................
[    5.071614] q6v5-diag-host: 00000070: 00 00 00 00 00 00 00 00 00 00 00 00 00 00 00 00  ................
[    5.073833] qcom-q6v5-mss 4080000.remoteproc: smem host 3 item 404: length=8192
[    5.076060] q6v5-diag-host: 00000000: a0 01 00 00 00 00 00 00 00 00 00 00 00 00 00 00  ................
[    5.078278] q6v5-diag-host: 00000010: 00 00 00 00 00 00 00 00 00 00 00 00 00 00 00 00  ................
[    5.080463] q6v5-diag-host: 00000020: 00 00 00 00 00 00 00 00 00 00 00 00 00 00 00 00  ................
[    5.082617] q6v5-diag-host: 00000030: 00 00 00 00 00 00 00 00 00 00 00 00 00 00 00 00  ................
[    5.084739] q6v5-diag-host: 00000040: 00 00 00 00 00 00 00 00 00 00 00 00 00 00 00 00  ................
[    5.086876] q6v5-diag-host: 00000050: 00 00 00 00 00 00 00 00 00 00 00 00 00 00 00 00  ................
[    5.088986] q6v5-diag-host: 00000060: 00 00 00 00 00 00 00 00 00 00 00 00 00 00 00 00  ................
[    5.091089] q6v5-diag-host: 00000070: 00 00 00 00 00 00 00 00 00 00 00 00 00 00 00 00  ................
[    5.093159] qcom-q6v5-mss 4080000.remoteproc: smem host 4 item 404: length=8192
[    5.095231] q6v5-diag-host: 00000000: a0 01 00 00 00 00 00 00 00 00 00 00 00 00 00 00  ................
[    5.097311] q6v5-diag-host: 00000010: 00 00 00 00 00 00 00 00 00 00 00 00 00 00 00 00  ................
[    5.099385] q6v5-diag-host: 00000020: 00 00 00 00 00 00 00 00 00 00 00 00 00 00 00 00  ................
[    5.101441] q6v5-diag-host: 00000030: 00 00 00 00 00 00 00 00 00 00 00 00 00 00 00 00  ................
[    5.103487] q6v5-diag-host: 00000040: 00 00 00 00 00 00 00 00 00 00 00 00 00 00 00 00  ................
[    5.105507] q6v5-diag-host: 00000050: 00 00 00 00 00 00 00 00 00 00 00 00 00 00 00 00  ................
[    5.107512] q6v5-diag-host: 00000060: 00 00 00 00 00 00 00 00 00 00 00 00 00 00 00 00  ................
[    5.109501] q6v5-diag-host: 00000070: 00 00 00 00 00 00 00 00 00 00 00 00 00 00 00 00  ................
[    5.112085] qcom-q6v5-mss 4080000.remoteproc: smem HOST_ANY item 417: length=4
[    5.114078] q6v5-diag: 00000000: 00 00 00 00                                      ....
[    5.116072] qcom-q6v5-mss 4080000.remoteproc: smem host 0 item 417: length=4
[    5.118087] q6v5-diag-host: 00000000: 00 00 00 00                                      ....
[    5.120123] qcom-q6v5-mss 4080000.remoteproc: smem host 3 item 417: length=4
[    5.122156] q6v5-diag-host: 00000000: 00 00 00 00                                      ....
[    5.124202] qcom-q6v5-mss 4080000.remoteproc: smem host 4 item 417: length=4
[    5.126259] q6v5-diag-host: 00000000: 00 00 00 00                                      ....
[    5.128770] qcom-q6v5-mss 4080000.remoteproc: smem host 1 item 428: length=340
[    5.130839] q6v5-diag-host: 00000000: 24 53 4d 50 01 01 00 00 00 00 01 00 10 00 01 00  $SMP............
[    5.132919] q6v5-diag-host: 00000010: 00 00 00 00 6d 61 73 74 65 72 2d 6b 65 72 6e 65  ....master-kerne
[    5.135010] q6v5-diag-host: 00000020: 6c 00 00 00 00 00 00 00 00 00 00 00 00 00 00 00  l...............
[    5.137102] q6v5-diag-host: 00000030: 00 00 00 00 00 00 00 00 00 00 00 00 00 00 00 00  ................
[    5.139191] q6v5-diag-host: 00000040: 00 00 00 00 00 00 00 00 00 00 00 00 00 00 00 00  ................
[    5.141265] q6v5-diag-host: 00000050: 00 00 00 00 00 00 00 00 00 00 00 00 00 00 00 00  ................
[    5.143330] q6v5-diag-host: 00000060: 00 00 00 00 00 00 00 00 00 00 00 00 00 00 00 00  ................
[    5.145383] q6v5-diag-host: 00000070: 00 00 00 00 00 00 00 00 00 00 00 00 00 00 00 00  ................
[    5.147483] qcom-q6v5-mss 4080000.remoteproc: smem host 2 item 429: length=340
[    5.149541] q6v5-diag-host: 00000000: 24 53 4d 50 02 01 00 00 00 00 02 00 10 00 01 00  $SMP............
[    5.151632] q6v5-diag-host: 00000010: 00 00 00 00 6d 61 73 74 65 72 2d 6b 65 72 6e 65  ....master-kerne
[    5.153729] q6v5-diag-host: 00000020: 6c 00 00 00 00 00 00 00 00 00 00 00 00 00 00 00  l...............
[    5.155848] q6v5-diag-host: 00000030: 00 00 00 00 00 00 00 00 00 00 00 00 00 00 00 00  ................
[    5.157955] q6v5-diag-host: 00000040: 00 00 00 00 00 00 00 00 00 00 00 00 00 00 00 00  ................
[    5.160060] q6v5-diag-host: 00000050: 00 00 00 00 00 00 00 00 00 00 00 00 00 00 00 00  ................
[    5.162153] q6v5-diag-host: 00000060: 00 00 00 00 00 00 00 00 00 00 00 00 00 00 00 00  ................
[    5.164222] q6v5-diag-host: 00000070: 00 00 00 00 00 00 00 00 00 00 00 00 00 00 00 00  ................
[    5.166562] qcom-q6v5-mss 4080000.remoteproc: smem host 1 item 435: length=340
[    5.168610] q6v5-diag-host: 00000000: 24 53 4d 50 01 01 00 00 01 00 00 00 10 00 02 00  $SMP............
[    5.170675] q6v5-diag-host: 00000010: 00 00 00 00 73 6d 70 32 70 00 00 00 00 00 00 00  ....smp2p.......
[    5.172740] q6v5-diag-host: 00000020: 00 00 00 00 00 00 00 00 73 6c 61 76 65 2d 6b 65  ........slave-ke
[    5.174826] q6v5-diag-host: 00000030: 72 6e 65 6c 00 00 00 00 07 00 00 00 00 00 00 00  rnel............
[    5.176904] q6v5-diag-host: 00000040: 00 00 00 00 00 00 00 00 00 00 00 00 00 00 00 00  ................
[    5.178985] q6v5-diag-host: 00000050: 00 00 00 00 00 00 00 00 00 00 00 00 00 00 00 00  ................
[    5.181050] q6v5-diag-host: 00000060: 00 00 00 00 00 00 00 00 00 00 00 00 00 00 00 00  ................
[    5.183116] q6v5-diag-host: 00000070: 00 00 00 00 00 00 00 00 00 00 00 00 00 00 00 00  ................
[    5.185273] qcom-q6v5-mss 4080000.remoteproc: smem HOST_ANY item 438: length=340
[    5.187312] q6v5-diag: 00000000: 24 53 4d 50 01 01 00 00 01 00 03 00 10 00 00 00  $SMP............
[    5.189341] q6v5-diag: 00000010: 00 00 00 00 00 00 00 00 00 00 00 00 00 00 00 00  ................
[    5.191353] q6v5-diag: 00000020: 00 00 00 00 00 00 00 00 00 00 00 00 00 00 00 00  ................
[    5.193344] q6v5-diag: 00000030: 00 00 00 00 00 00 00 00 00 00 00 00 00 00 00 00  ................
[    5.195329] q6v5-diag: 00000040: 00 00 00 00 00 00 00 00 00 00 00 00 00 00 00 00  ................
[    5.197287] q6v5-diag: 00000050: 00 00 00 00 00 00 00 00 00 00 00 00 00 00 00 00  ................
[    5.199241] q6v5-diag: 00000060: 00 00 00 00 00 00 00 00 00 00 00 00 00 00 00 00  ................
[    5.201171] q6v5-diag: 00000070: 00 00 00 00 00 00 00 00 00 00 00 00 00 00 00 00  ................
[    5.203095] qcom-q6v5-mss 4080000.remoteproc: smem host 0 item 438: length=340
[    5.205014] q6v5-diag-host: 00000000: 24 53 4d 50 01 01 00 00 01 00 03 00 10 00 00 00  $SMP............
[    5.206952] q6v5-diag-host: 00000010: 00 00 00 00 00 00 00 00 00 00 00 00 00 00 00 00  ................
[    5.208876] q6v5-diag-host: 00000020: 00 00 00 00 00 00 00 00 00 00 00 00 00 00 00 00  ................
[    5.210788] q6v5-diag-host: 00000030: 00 00 00 00 00 00 00 00 00 00 00 00 00 00 00 00  ................
[    5.212670] q6v5-diag-host: 00000040: 00 00 00 00 00 00 00 00 00 00 00 00 00 00 00 00  ................
[    5.214546] q6v5-diag-host: 00000050: 00 00 00 00 00 00 00 00 00 00 00 00 00 00 00 00  ................
[    5.216401] q6v5-diag-host: 00000060: 00 00 00 00 00 00 00 00 00 00 00 00 00 00 00 00  ................
[    5.218254] q6v5-diag-host: 00000070: 00 00 00 00 00 00 00 00 00 00 00 00 00 00 00 00  ................
[    5.220097] qcom-q6v5-mss 4080000.remoteproc: smem host 3 item 438: length=340
[    5.221937] q6v5-diag-host: 00000000: 24 53 4d 50 01 01 00 00 01 00 03 00 10 00 00 00  $SMP............
[    5.223809] q6v5-diag-host: 00000010: 00 00 00 00 00 00 00 00 00 00 00 00 00 00 00 00  ................
[    5.225676] q6v5-diag-host: 00000020: 00 00 00 00 00 00 00 00 00 00 00 00 00 00 00 00  ................
[    5.227535] q6v5-diag-host: 00000030: 00 00 00 00 00 00 00 00 00 00 00 00 00 00 00 00  ................
[    5.229364] q6v5-diag-host: 00000040: 00 00 00 00 00 00 00 00 00 00 00 00 00 00 00 00  ................
[    5.231190] q6v5-diag-host: 00000050: 00 00 00 00 00 00 00 00 00 00 00 00 00 00 00 00  ................
[    5.233009] q6v5-diag-host: 00000060: 00 00 00 00 00 00 00 00 00 00 00 00 00 00 00 00  ................
[    5.234831] q6v5-diag-host: 00000070: 00 00 00 00 00 00 00 00 00 00 00 00 00 00 00 00  ................
[    5.236648] qcom-q6v5-mss 4080000.remoteproc: smem host 4 item 438: length=340
[    5.238483] q6v5-diag-host: 00000000: 24 53 4d 50 01 01 00 00 01 00 03 00 10 00 00 00  $SMP............
[    5.240337] q6v5-diag-host: 00000010: 00 00 00 00 00 00 00 00 00 00 00 00 00 00 00 00  ................
[    5.242207] q6v5-diag-host: 00000020: 00 00 00 00 00 00 00 00 00 00 00 00 00 00 00 00  ................
[    5.244044] q6v5-diag-host: 00000030: 00 00 00 00 00 00 00 00 00 00 00 00 00 00 00 00  ................
[    5.245858] q6v5-diag-host: 00000040: 00 00 00 00 00 00 00 00 00 00 00 00 00 00 00 00  ................
[    5.247672] q6v5-diag-host: 00000050: 00 00 00 00 00 00 00 00 00 00 00 00 00 00 00 00  ................
[    5.249474] q6v5-diag-host: 00000060: 00 00 00 00 00 00 00 00 00 00 00 00 00 00 00 00  ................
[    5.251287] q6v5-diag-host: 00000070: 00 00 00 00 00 00 00 00 00 00 00 00 00 00 00 00  ................
[    5.253091] qcom-q6v5-mss 4080000.remoteproc: smem HOST_ANY item 439: length=340
[    5.254910] q6v5-diag: 00000000: 24 53 4d 50 01 01 00 00 01 00 04 00 10 00 00 00  $SMP............
[    5.256745] q6v5-diag: 00000010: 00 00 00 00 00 00 00 00 00 00 00 00 00 00 00 00  ................
[    5.258595] q6v5-diag: 00000020: 00 00 00 00 00 00 00 00 00 00 00 00 00 00 00 00  ................
[    5.260413] q6v5-diag: 00000030: 00 00 00 00 00 00 00 00 00 00 00 00 00 00 00 00  ................
[    5.262218] q6v5-diag: 00000040: 00 00 00 00 00 00 00 00 00 00 00 00 00 00 00 00  ................
[    5.264004] q6v5-diag: 00000050: 00 00 00 00 00 00 00 00 00 00 00 00 00 00 00 00  ................
[    5.265787] q6v5-diag: 00000060: 00 00 00 00 00 00 00 00 00 00 00 00 00 00 00 00  ................
[    5.267579] q6v5-diag: 00000070: 00 00 00 00 00 00 00 00 00 00 00 00 00 00 00 00  ................
[    5.269364] qcom-q6v5-mss 4080000.remoteproc: smem host 0 item 439: length=340
[    5.271164] q6v5-diag-host: 00000000: 24 53 4d 50 01 01 00 00 01 00 04 00 10 00 00 00  $SMP............
[    5.272984] q6v5-diag-host: 00000010: 00 00 00 00 00 00 00 00 00 00 00 00 00 00 00 00  ................
[    5.274819] q6v5-diag-host: 00000020: 00 00 00 00 00 00 00 00 00 00 00 00 00 00 00 00  ................
[    5.276622] q6v5-diag-host: 00000030: 00 00 00 00 00 00 00 00 00 00 00 00 00 00 00 00  ................
[    5.278409] q6v5-diag-host: 00000040: 00 00 00 00 00 00 00 00 00 00 00 00 00 00 00 00  ................
[    5.280177] q6v5-diag-host: 00000050: 00 00 00 00 00 00 00 00 00 00 00 00 00 00 00 00  ................
[    5.281943] q6v5-diag-host: 00000060: 00 00 00 00 00 00 00 00 00 00 00 00 00 00 00 00  ................
[    5.283715] q6v5-diag-host: 00000070: 00 00 00 00 00 00 00 00 00 00 00 00 00 00 00 00  ................
[    5.285487] qcom-q6v5-mss 4080000.remoteproc: smem host 3 item 439: length=340
[    5.287271] q6v5-diag-host: 00000000: 24 53 4d 50 01 01 00 00 01 00 04 00 10 00 00 00  $SMP............
[    5.289074] q6v5-diag-host: 00000010: 00 00 00 00 00 00 00 00 00 00 00 00 00 00 00 00  ................
[    5.290894] q6v5-diag-host: 00000020: 00 00 00 00 00 00 00 00 00 00 00 00 00 00 00 00  ................
[    5.292682] q6v5-diag-host: 00000030: 00 00 00 00 00 00 00 00 00 00 00 00 00 00 00 00  ................
[    5.294456] q6v5-diag-host: 00000040: 00 00 00 00 00 00 00 00 00 00 00 00 00 00 00 00  ................
[    5.296200] q6v5-diag-host: 00000050: 00 00 00 00 00 00 00 00 00 00 00 00 00 00 00 00  ................
[    5.297919] q6v5-diag-host: 00000060: 00 00 00 00 00 00 00 00 00 00 00 00 00 00 00 00  ................
[    5.299623] q6v5-diag-host: 00000070: 00 00 00 00 00 00 00 00 00 00 00 00 00 00 00 00  ................
[    5.301302] qcom-q6v5-mss 4080000.remoteproc: smem host 4 item 439: length=340
[    5.302979] q6v5-diag-host: 00000000: 24 53 4d 50 01 01 00 00 01 00 04 00 10 00 00 00  $SMP............
[    5.304655] q6v5-diag-host: 00000010: 00 00 00 00 00 00 00 00 00 00 00 00 00 00 00 00  ................
[    5.306326] q6v5-diag-host: 00000020: 00 00 00 00 00 00 00 00 00 00 00 00 00 00 00 00  ................
[    5.307966] q6v5-diag-host: 00000030: 00 00 00 00 00 00 00 00 00 00 00 00 00 00 00 00  ................
[    5.309603] q6v5-diag-host: 00000040: 00 00 00 00 00 00 00 00 00 00 00 00 00 00 00 00  ................
[    5.311249] q6v5-diag-host: 00000050: 00 00 00 00 00 00 00 00 00 00 00 00 00 00 00 00  ................
[    5.312886] q6v5-diag-host: 00000060: 00 00 00 00 00 00 00 00 00 00 00 00 00 00 00 00  ................
[    5.314531] q6v5-diag-host: 00000070: 00 00 00 00 00 00 00 00 00 00 00 00 00 00 00 00  ................
[    5.316271] qcom-q6v5-mss 4080000.remoteproc: smem HOST_ANY item 442: length=340
[    5.317925] q6v5-diag: 00000000: 24 53 4d 50 01 01 00 00 01 00 07 00 10 00 00 00  $SMP............
[    5.319613] q6v5-diag: 00000010: 00 00 00 00 00 00 00 00 00 00 00 00 00 00 00 00  ................
[    5.321280] q6v5-diag: 00000020: 00 00 00 00 00 00 00 00 00 00 00 00 00 00 00 00  ................
[    5.322931] q6v5-diag: 00000030: 00 00 00 00 00 00 00 00 00 00 00 00 00 00 00 00  ................
[    5.324575] q6v5-diag: 00000040: 00 00 00 00 00 00 00 00 00 00 00 00 00 00 00 00  ................
[    5.326225] q6v5-diag: 00000050: 00 00 00 00 00 00 00 00 00 00 00 00 00 00 00 00  ................
[    5.327867] q6v5-diag: 00000060: 00 00 00 00 00 00 00 00 00 00 00 00 00 00 00 00  ................
[    5.329508] q6v5-diag: 00000070: 00 00 00 00 00 00 00 00 00 00 00 00 00 00 00 00  ................
[    5.331166] qcom-q6v5-mss 4080000.remoteproc: smem host 0 item 442: length=340
[    5.332828] q6v5-diag-host: 00000000: 24 53 4d 50 01 01 00 00 01 00 07 00 10 00 00 00  $SMP............
[    5.334525] q6v5-diag-host: 00000010: 00 00 00 00 00 00 00 00 00 00 00 00 00 00 00 00  ................
[    5.336203] q6v5-diag-host: 00000020: 00 00 00 00 00 00 00 00 00 00 00 00 00 00 00 00  ................
[    5.337856] q6v5-diag-host: 00000030: 00 00 00 00 00 00 00 00 00 00 00 00 00 00 00 00  ................
[    5.339515] q6v5-diag-host: 00000040: 00 00 00 00 00 00 00 00 00 00 00 00 00 00 00 00  ................
[    5.341167] q6v5-diag-host: 00000050: 00 00 00 00 00 00 00 00 00 00 00 00 00 00 00 00  ................
[    5.342825] q6v5-diag-host: 00000060: 00 00 00 00 00 00 00 00 00 00 00 00 00 00 00 00  ................
[    5.344479] q6v5-diag-host: 00000070: 00 00 00 00 00 00 00 00 00 00 00 00 00 00 00 00  ................
[    5.346159] qcom-q6v5-mss 4080000.remoteproc: smem host 3 item 442: length=340
[    5.347846] q6v5-diag-host: 00000000: 24 53 4d 50 01 01 00 00 01 00 07 00 10 00 00 00  $SMP............
[    5.349553] q6v5-diag-host: 00000010: 00 00 00 00 00 00 00 00 00 00 00 00 00 00 00 00  ................
[    5.351274] q6v5-diag-host: 00000020: 00 00 00 00 00 00 00 00 00 00 00 00 00 00 00 00  ................
[    5.352992] q6v5-diag-host: 00000030: 00 00 00 00 00 00 00 00 00 00 00 00 00 00 00 00  ................
[    5.354708] q6v5-diag-host: 00000040: 00 00 00 00 00 00 00 00 00 00 00 00 00 00 00 00  ................
[    5.355512] UDC core: g1: couldn't find an available UDC or it's busy
[    5.356390] q6v5-diag-host: 00000050: 00 00 00 00 00 00 00 00 00 00 00 00 00 00 00 00  ................
[    5.361065] q6v5-diag-host: 00000060: 00 00 00 00 00 00 00 00 00 00 00 00 00 00 00 00  ................
[    5.362852] q6v5-diag-host: 00000070: 00 00 00 00 00 00 00 00 00 00 00 00 00 00 00 00  ................
[    5.364586] qcom-q6v5-mss 4080000.remoteproc: smem host 4 item 442: length=340
[    5.366339] q6v5-diag-host: 00000000: 24 53 4d 50 01 01 00 00 01 00 07 00 10 00 00 00  $SMP............
[    5.368083] q6v5-diag-host: 00000010: 00 00 00 00 00 00 00 00 00 00 00 00 00 00 00 00  ................
[    5.369816] q6v5-diag-host: 00000020: 00 00 00 00 00 00 00 00 00 00 00 00 00 00 00 00  ................
[    5.371532] q6v5-diag-host: 00000030: 00 00 00 00 00 00 00 00 00 00 00 00 00 00 00 00  ................
[    5.414939] q6v5-diag-host: 00000040: 00 00 00 00 00 00 00 00 00 00 00 00 00 00 00 00  ................
[    5.416607] q6v5-diag-host: 00000050: 00 00 00 00 00 00 00 00 00 00 00 00 00 00 00 00  ................
[    5.418271] q6v5-diag-host: 00000060: 00 00 00 00 00 00 00 00 00 00 00 00 00 00 00 00  ................
[    5.419907] q6v5-diag-host: 00000070: 00 00 00 00 00 00 00 00 00 00 00 00 00 00 00 00  ................
[    5.422775] qcom-q6v5-mss 4080000.remoteproc: smem HOST_ANY item 469: length=4096
[    5.424384] q6v5-diag: 00000000: 30 30 3a 42 4f 4f 54 2e 58 46 2e 31 2e 34 2d 30  00:BOOT.XF.1.4-0
[    5.425991] q6v5-diag: 00000010: 30 32 35 36 2d 53 36 36 30 4c 5a 42 2d 31 00 00  0256-S660LZB-1..
[    5.427605] q6v5-diag: 00000020: 00 00 00 00 00 00 00 00 00 00 00 00 00 00 00 00  ................
[    5.429211] q6v5-diag: 00000030: 00 00 00 00 00 00 00 00 00 00 00 00 00 00 00 00  ................
[    5.430823] q6v5-diag: 00000040: 00 00 00 00 00 00 00 00 00 00 00 53 64 6d 36 36  ...........Sdm66
[    5.432434] q6v5-diag: 00000050: 30 4c 41 00 00 00 00 00 00 00 00 00 00 00 00 3a  0LA............:
[    5.434055] q6v5-diag: 00000060: 53 42 32 00 00 00 00 00 00 00 00 00 00 00 00 00  SB2.............
[    5.435693] q6v5-diag: 00000070: 00 00 00 00 00 00 00 00 00 00 00 00 00 00 00 00  ................
[    5.437321] qcom-q6v5-mss 4080000.remoteproc: smem host 0 item 469: length=4096
[    5.438963] q6v5-diag-host: 00000000: 30 30 3a 42 4f 4f 54 2e 58 46 2e 31 2e 34 2d 30  00:BOOT.XF.1.4-0
[    5.481603] q6v5-diag-host: 00000010: 30 32 35 36 2d 53 36 36 30 4c 5a 42 2d 31 00 00  0256-S660LZB-1..
[    5.483260] q6v5-diag-host: 00000020: 00 00 00 00 00 00 00 00 00 00 00 00 00 00 00 00  ................
[    5.484908] q6v5-diag-host: 00000030: 00 00 00 00 00 00 00 00 00 00 00 00 00 00 00 00  ................
[    5.486567] q6v5-diag-host: 00000040: 00 00 00 00 00 00 00 00 00 00 00 53 64 6d 36 36  ...........Sdm66
[    5.488220] q6v5-diag-host: 00000050: 30 4c 41 00 00 00 00 00 00 00 00 00 00 00 00 3a  0LA............:
[    5.489885] q6v5-diag-host: 00000060: 53 42 32 00 00 00 00 00 00 00 00 00 00 00 00 00  SB2.............
[    5.491563] q6v5-diag-host: 00000070: 00 00 00 00 00 00 00 00 00 00 00 00 00 00 00 00  ................
[    5.493240] qcom-q6v5-mss 4080000.remoteproc: smem host 3 item 469: length=4096
[    5.494922] q6v5-diag-host: 00000000: 30 30 3a 42 4f 4f 54 2e 58 46 2e 31 2e 34 2d 30  00:BOOT.XF.1.4-0
[    5.496582] q6v5-diag-host: 00000010: 30 32 35 36 2d 53 36 36 30 4c 5a 42 2d 31 00 00  0256-S660LZB-1..
[    5.498256] q6v5-diag-host: 00000020: 00 00 00 00 00 00 00 00 00 00 00 00 00 00 00 00  ................
[    5.499923] q6v5-diag-host: 00000030: 00 00 00 00 00 00 00 00 00 00 00 00 00 00 00 00  ................
[    5.501571] q6v5-diag-host: 00000040: 00 00 00 00 00 00 00 00 00 00 00 53 64 6d 36 36  ...........Sdm66
[    5.503230] q6v5-diag-host: 00000050: 30 4c 41 00 00 00 00 00 00 00 00 00 00 00 00 3a  0LA............:
[    5.504898] q6v5-diag-host: 00000060: 53 42 32 00 00 00 00 00 00 00 00 00 00 00 00 00  SB2.............
[    5.506579] q6v5-diag-host: 00000070: 00 00 00 00 00 00 00 00 00 00 00 00 00 00 00 00  ................
[    5.508248] qcom-q6v5-mss 4080000.remoteproc: smem host 4 item 469: length=4096
[    5.509916] q6v5-diag-host: 00000000: 30 30 3a 42 4f 4f 54 2e 58 46 2e 31 2e 34 2d 30  00:BOOT.XF.1.4-0
[    5.511602] q6v5-diag-host: 00000010: 30 32 35 36 2d 53 36 36 30 4c 5a 42 2d 31 00 00  0256-S660LZB-1..
[    5.513288] q6v5-diag-host: 00000020: 00 00 00 00 00 00 00 00 00 00 00 00 00 00 00 00  ................
[    5.515000] q6v5-diag-host: 00000030: 00 00 00 00 00 00 00 00 00 00 00 00 00 00 00 00  ................
[    5.516703] q6v5-diag-host: 00000040: 00 00 00 00 00 00 00 00 00 00 00 53 64 6d 36 36  ...........Sdm66
[    5.518423] q6v5-diag-host: 00000050: 30 4c 41 00 00 00 00 00 00 00 00 00 00 00 00 3a  0LA............:
[    5.520145] q6v5-diag-host: 00000060: 53 42 32 00 00 00 00 00 00 00 00 00 00 00 00 00  SB2.............
[    5.521872] q6v5-diag-host: 00000070: 00 00 00 00 00 00 00 00 00 00 00 00 00 00 00 00  ................
[    5.523756] qcom-q6v5-mss 4080000.remoteproc: smem HOST_ANY item 473: length=1536
[    5.525486] q6v5-diag: 00000000: 02 02 bc 03 00 06 51 02 01 01 00 00 02 00 00 00  ......Q.........
[    5.527225] q6v5-diag: 00000010: 00 00 00 00 00 00 00 00 00 00 00 00 00 00 00 00  ................
[    5.528953] q6v5-diag: 00000020: 00 00 06 03 00 00 00 02 00 00 00 00 00 06 00 01  ................
[    5.530695] q6v5-diag: 00000030: 00 06 00 00 00 4c 01 00 00 07 00 00 00 3a 01 00  .....L.......:..
[    5.532440] q6v5-diag: 00000040: 00 08 00 00 00 e9 01 00 00 09 00 00 00 d6 01 00  ................
[    5.534200] q6v5-diag: 00000050: 00 0a 00 00 00 f1 01 00 00 0b 00 00 00 e9 01 00  ................
[    5.535953] q6v5-diag: 00000060: 00 00 00 00 00 a0 50 0a 00 00 c4 09 00 a0 50 0a  ......P.......P.
[    5.537719] q6v5-diag: 00000070: 00 a0 50 0a 00 00 00 00 00 00 00 00 00 00 00 26  ..P............&
[    5.539509] qcom-q6v5-mss 4080000.remoteproc: smem host 0 item 473: length=1536
[    5.541283] q6v5-diag-host: 00000000: 02 02 bc 03 00 06 51 02 01 01 00 00 02 00 00 00  ......Q.........
[    5.543071] q6v5-diag-host: 00000010: 00 00 00 00 00 00 00 00 00 00 00 00 00 00 00 00  ................
[    5.544847] q6v5-diag-host: 00000020: 00 00 06 03 00 00 00 02 00 00 00 00 00 06 00 01  ................
[    5.546643] q6v5-diag-host: 00000030: 00 06 00 00 00 4c 01 00 00 07 00 00 00 3a 01 00  .....L.......:..
[    5.548436] q6v5-diag-host: 00000040: 00 08 00 00 00 e9 01 00 00 09 00 00 00 d6 01 00  ................
[    5.550251] q6v5-diag-host: 00000050: 00 0a 00 00 00 f1 01 00 00 0b 00 00 00 e9 01 00  ................
[    5.552055] q6v5-diag-host: 00000060: 00 00 00 00 00 a0 50 0a 00 00 c4 09 00 a0 50 0a  ......P.......P.
[    5.553871] q6v5-diag-host: 00000070: 00 a0 50 0a 00 00 00 00 00 00 00 00 00 00 00 26  ..P............&
[    5.555713] qcom-q6v5-mss 4080000.remoteproc: smem host 3 item 473: length=1536
[    5.557539] q6v5-diag-host: 00000000: 02 02 bc 03 00 06 51 02 01 01 00 00 02 00 00 00  ......Q.........
[    5.559385] q6v5-diag-host: 00000010: 00 00 00 00 00 00 00 00 00 00 00 00 00 00 00 00  ................
[    5.561215] q6v5-diag-host: 00000020: 00 00 06 03 00 00 00 02 00 00 00 00 00 06 00 01  ................
[    5.563056] q6v5-diag-host: 00000030: 00 06 00 00 00 4c 01 00 00 07 00 00 00 3a 01 00  .....L.......:..
[    5.564901] q6v5-diag-host: 00000040: 00 08 00 00 00 e9 01 00 00 09 00 00 00 d6 01 00  ................
[    5.566765] q6v5-diag-host: 00000050: 00 0a 00 00 00 f1 01 00 00 0b 00 00 00 e9 01 00  ................
[    5.568619] q6v5-diag-host: 00000060: 00 00 00 00 00 a0 50 0a 00 00 c4 09 00 a0 50 0a  ......P.......P.
[    5.570491] q6v5-diag-host: 00000070: 00 a0 50 0a 00 00 00 00 00 00 00 00 00 00 00 26  ..P............&
[    5.572365] qcom-q6v5-mss 4080000.remoteproc: smem host 4 item 473: length=1536
[    5.574264] q6v5-diag-host: 00000000: 02 02 bc 03 00 06 51 02 01 01 00 00 02 00 00 00  ......Q.........
[    5.576146] q6v5-diag-host: 00000010: 00 00 00 00 00 00 00 00 00 00 00 00 00 00 00 00  ................
[    5.578025] q6v5-diag-host: 00000020: 00 00 06 03 00 00 00 02 00 00 00 00 00 06 00 01  ................
[    5.579919] q6v5-diag-host: 00000030: 00 06 00 00 00 4c 01 00 00 07 00 00 00 3a 01 00  .....L.......:..
[    5.581815] q6v5-diag-host: 00000040: 00 08 00 00 00 e9 01 00 00 09 00 00 00 d6 01 00  ................
[    5.583735] q6v5-diag-host: 00000050: 00 0a 00 00 00 f1 01 00 00 0b 00 00 00 e9 01 00  ................
[    5.585640] q6v5-diag-host: 00000060: 00 00 00 00 00 a0 50 0a 00 00 c4 09 00 a0 50 0a  ......P.......P.
[    5.587566] q6v5-diag-host: 00000070: 00 a0 50 0a 00 00 00 00 00 00 00 00 00 00 00 26  ..P............&
[    5.589501] qcom-q6v5-mss 4080000.remoteproc: smem HOST_ANY item 474: length=588
[    5.591445] q6v5-diag: 00000000: 03 00 02 17 02 09 09 00 0c 00 00 00 24 00 04 00  ............$...
[    5.593375] q6v5-diag: 00000010: 1c 00 00 00 20 00 0d 01 ac 00 00 00 04 00 00 00  .... ...........
[    5.595314] q6v5-diag: 00000020: 01 00 00 00 01 01 2b 00 00 00 00 00 00 00 00 00  ......+.........
[    5.597256] q6v5-diag: 00000030: 02 00 00 00 01 00 00 00 00 a8 35 31 00 00 00 00  ..........51....
[    5.599220] q6v5-diag: 00000040: 04 00 00 00 01 00 00 00 01 01 21 00 00 00 00 00  ..........!.....
[    5.601175] q6v5-diag: 00000050: 00 00 00 00 02 00 00 00 01 00 00 00 00 f8 c3 25  ...............%
[    5.603147] q6v5-diag: 00000060: 00 00 00 00 04 00 00 00 01 00 00 00 01 01 4c 00  ..............L.
[    5.605119] q6v5-diag: 00000070: 00 00 00 00 00 00 00 00 00 00 00 00 01 00 00 00  ................
[    5.607112] qcom-q6v5-mss 4080000.remoteproc: smem host 0 item 474: length=588
[    5.609082] q6v5-diag-host: 00000000: 03 00 02 17 02 09 09 00 0c 00 00 00 24 00 04 00  ............$...
[    5.611066] q6v5-diag-host: 00000010: 1c 00 00 00 20 00 0d 01 ac 00 00 00 04 00 00 00  .... ...........
[    5.613041] q6v5-diag-host: 00000020: 01 00 00 00 01 01 2b 00 00 00 00 00 00 00 00 00  ......+.........
[    5.615042] q6v5-diag-host: 00000030: 02 00 00 00 01 00 00 00 00 a8 35 31 00 00 00 00  ..........51....
[    5.617036] q6v5-diag-host: 00000040: 04 00 00 00 01 00 00 00 01 01 21 00 00 00 00 00  ..........!.....
[    5.619045] q6v5-diag-host: 00000050: 00 00 00 00 02 00 00 00 01 00 00 00 00 f8 c3 25  ...............%
[    5.621054] q6v5-diag-host: 00000060: 00 00 00 00 04 00 00 00 01 00 00 00 01 01 4c 00  ..............L.
[    5.623089] q6v5-diag-host: 00000070: 00 00 00 00 00 00 00 00 00 00 00 00 01 00 00 00  ................
[    5.625115] qcom-q6v5-mss 4080000.remoteproc: smem host 3 item 474: length=588
[    5.627139] q6v5-diag-host: 00000000: 03 00 02 17 02 09 09 00 0c 00 00 00 24 00 04 00  ............$...
[    5.629161] q6v5-diag-host: 00000010: 1c 00 00 00 20 00 0d 01 ac 00 00 00 04 00 00 00  .... ...........
[    5.631201] q6v5-diag-host: 00000020: 01 00 00 00 01 01 2b 00 00 00 00 00 00 00 00 00  ......+.........
[    5.633234] q6v5-diag-host: 00000030: 02 00 00 00 01 00 00 00 00 a8 35 31 00 00 00 00  ..........51....
[    5.635282] q6v5-diag-host: 00000040: 04 00 00 00 01 00 00 00 01 01 21 00 00 00 00 00  ..........!.....
[    5.637329] q6v5-diag-host: 00000050: 00 00 00 00 02 00 00 00 01 00 00 00 00 f8 c3 25  ...............%
[    5.639399] q6v5-diag-host: 00000060: 00 00 00 00 04 00 00 00 01 00 00 00 01 01 4c 00  ..............L.
[    5.641461] q6v5-diag-host: 00000070: 00 00 00 00 00 00 00 00 00 00 00 00 01 00 00 00  ................
[    5.643538] qcom-q6v5-mss 4080000.remoteproc: smem host 4 item 474: length=588
[    5.645601] q6v5-diag-host: 00000000: 03 00 02 17 02 09 09 00 0c 00 00 00 24 00 04 00  ............$...
[    5.647686] q6v5-diag-host: 00000010: 1c 00 00 00 20 00 0d 01 ac 00 00 00 04 00 00 00  .... ...........
[    5.649756] q6v5-diag-host: 00000020: 01 00 00 00 01 01 2b 00 00 00 00 00 00 00 00 00  ......+.........
[    5.651844] q6v5-diag-host: 00000030: 02 00 00 00 01 00 00 00 00 a8 35 31 00 00 00 00  ..........51....
[    5.653932] q6v5-diag-host: 00000040: 04 00 00 00 01 00 00 00 01 01 21 00 00 00 00 00  ..........!.....
[    5.656042] q6v5-diag-host: 00000050: 00 00 00 00 02 00 00 00 01 00 00 00 00 f8 c3 25  ...............%
[    5.658154] q6v5-diag-host: 00000060: 00 00 00 00 04 00 00 00 01 00 00 00 01 01 4c 00  ..............L.
[    5.660264] q6v5-diag-host: 00000070: 00 00 00 00 00 00 00 00 00 00 00 00 01 00 00 00  ................
[    5.662565] qcom-q6v5-mss 4080000.remoteproc: smem host 1 item 478: length=32
[    5.664677] q6v5-diag-host: 00000000: 80 06 00 00 80 06 00 00 d8 09 00 00 d8 09 00 00  ................
[    5.666803] q6v5-diag-host: 00000010: 00 00 00 00 00 00 00 00 00 00 00 00 00 00 00 00  ................
[    5.668961] qcom-q6v5-mss 4080000.remoteproc: smem host 1 item 479: length=16384
[    5.671108] q6v5-diag-host: 00000000: 00 00 01 00 01 00 00 00 01 00 01 00 01 00 00 00  ................
[    5.673268] q6v5-diag-host: 00000010: 04 00 01 00 00 00 00 00 02 00 01 00 0a 00 00 00  ................
[    5.675438] q6v5-diag-host: 00000020: 67 6c 69 6e 6b 5f 73 73 72 00 00 00 00 00 00 00  glink_ssr.......
[    5.677614] q6v5-diag-host: 00000030: 05 00 01 00 01 00 00 00 00 04 00 00 01 00 00 00  ................
[    5.679821] q6v5-diag-host: 00000040: 05 00 01 00 01 00 00 00 00 04 00 00 02 00 00 00  ................
[    5.682011] q6v5-diag-host: 00000050: 05 00 01 00 01 00 00 00 00 04 00 00 03 00 00 00  ................
[    5.684190] q6v5-diag-host: 00000060: 05 00 01 00 01 00 00 00 00 04 00 00 04 00 00 00  ................
[    5.686353] q6v5-diag-host: 00000070: 05 00 01 00 01 00 00 00 00 04 00 00 05 00 00 00  ................
[    5.688535] qcom-q6v5-mss 4080000.remoteproc: smem host 1 item 480: length=16384
[    5.690699] q6v5-diag-host: 00000000: 00 00 01 00 07 00 00 00 01 00 01 00 01 00 00 00  ................
[    5.692881] q6v5-diag-host: 00000010: 02 00 01 00 0a 00 00 00 67 6c 69 6e 6b 5f 73 73  ........glink_ss
[    5.695094] q6v5-diag-host: 00000020: 72 00 00 00 00 00 00 00 02 00 02 00 07 00 00 00  r...............
[    5.697283] q6v5-diag-host: 00000030: 49 50 43 52 54 52 00 00 04 00 01 00 00 00 00 00  IPCRTR..........
[    5.699467] q6v5-diag-host: 00000040: 04 00 02 00 00 00 00 00 05 00 02 00 01 00 00 00  ................
[    5.701653] q6v5-diag-host: 00000050: 80 00 00 00 00 00 00 00 05 00 02 00 01 00 00 00  ................
[    5.703858] q6v5-diag-host: 00000060: 80 00 00 00 01 00 00 00 05 00 02 00 01 00 00 00  ................
[    5.706024] q6v5-diag-host: 00000070: 80 00 00 00 02 00 00 00 05 00 02 00 01 00 00 00  ................
[    5.714114] remoteproc remoteproc0: crash detected in 4080000.remoteproc: type fatal error
[    5.716271] qcom-q6v5-mss 4080000.remoteproc: q6v5_ready_interrupt received
[    5.716276] remoteproc remoteproc0: handling crash #1 in 4080000.remoteproc
[    5.718434] qcom-q6v5-mss 4080000.remoteproc: q6v5_handover_interrupt (handover_issued=1)
[    8.378086] random: crng init done
/ # [6n
=====================
